// Jest Snapshot v1, https://goo.gl/fbAQLP

exports[`Tracking component re renders properly when accepted status 1`] = `
<div>
  <div
    class="tracking-absolute tracking"
  >
    <div
      class="bg-color"
    >
      <div
        class="tracking-content content-bg-color"
      >
        <div
          class="
    position-fixed
    tracking-content-header"
        >
          <div
            class="row m-0 tracking-header"
          >
            <button
              class="tracking-cancel-btn"
              data-dismiss=""
              data-target=""
              data-testid="button"
              data-toggle=""
              id="oO_HcWqMP"
              type="button"
            >
              <svg
                fill="currentColor"
                height="24"
                viewBox="0 0 24 24"
                width="24"
              >
                <defs>
                  <path
                    d="M0 1.5L1.5 0 8 6.5 14.5 0 16 1.5 9.5 8l6.5 6.5-1.5 1.5L8 9.5 1.5 16 0 14.5 6.5 8z"
                    id="icon-close_svg__a"
                  />
                </defs>
                <use
                  transform="translate(4 4)"
                  xlink:href="#icon-close_svg__a"
                />
              </svg>
            </button>
            <h5>
              Logistics details
            </h5>
          </div>
          <hr
            class="text-muted m-0 border-box col-12"
          />
        </div>
        <div
          class="tracking-content-body"
        >
          <div
            class="timeline"
          >
            <div
              class="timeline-container timeline-left "
            >
              <div
                class="timeline-content"
              >
                <h5
                  class="font-size-14 suggested-item-price pt-2"
                >
                  5/3/16 10:55 AM
                </h5>
                <h5
                  class="font-size-14 suggested-item-price pb-3"
                >
                  order dispatched
                   
                  <i>
                    ✈...
                  </i>
                </h5>
              </div>
            </div>
          </div>
          <div
            class="timeline"
          >
            <div
              class="timeline-container timeline-left "
            >
              <div
                class="timeline-content"
              >
                <h5
                  class="font-size-14 suggested-item-price pt-2"
                >
                  5/3/16 10:55 AM
                </h5>
                <h5
                  class="font-size-14 suggested-item-price pb-3"
                >
                  Order received by the dispatch
                   
                  .
                </h5>
              </div>
            </div>
          </div>
          <div
            class="timeline"
          >
            <div
              class="timeline-container timeline-left timeline-active"
            >
              <div
                class="timeline-content"
              >
                <h5
                  class="font-size-14 suggested-item-price pt-2"
                >
                  5/3/16 10:55 AM
                </h5>
                <h5
                  class="font-size-14 suggested-item-price pb-3"
                >
                  waiting for pick up
                   
                  <i>
                    ✈...
                  </i>
                </h5>
              </div>
            </div>
          </div>
          <div
            class="timeline"
          >
            <div
              class="timeline-container timeline-left "
            >
              <div
                class="timeline-content"
              >
                <h5
                  class="font-size-14 suggested-item-price pt-2"
                >
                  5/3/16 10:55 AM
                </h5>
                <h5
                  class="font-size-14 suggested-item-price pb-3"
                >
                  Accepted by chef
                   
                  .
                </h5>
              </div>
            </div>
          </div>
          <div
            class="timeline"
          >
            <div
              class="timeline-container timeline-left "
            >
              <div
                class="timeline-content"
              >
                <h5
                  class="font-size-14 suggested-item-price pt-2"
                >
                  5/3/16 10:55 AM
                </h5>
                <h5
                  class="font-size-14 suggested-item-price pb-3"
                >
                  Your order was rejected by chef
                   
                  .
                </h5>
              </div>
            </div>
          </div>
          <div
            class="timeline"
          >
            <div
              class="timeline-container timeline-left "
            >
              <div
                class="timeline-content"
              >
                <h5
                  class="font-size-14 suggested-item-price pt-2"
                >
                  5/3/16 10:55 AM
                </h5>
                <h5
                  class="font-size-14 suggested-item-price pb-3"
                >
                  You cancelled this order
                   
                  .
                </h5>
              </div>
            </div>
          </div>
        </div>
      </div>
    </div>
  </div>
  <div
    class="tracking-backdrop"
  />
</div>
`;

exports[`Tracking component re renders properly when cancelled status 1`] = `
<div>
  <div
    class="tracking-absolute tracking"
  >
    <div
      class="bg-color"
    >
      <div
        class="tracking-content content-bg-color"
      >
        <div
          class="
    position-fixed
    tracking-content-header"
        >
          <div
            class="row m-0 tracking-header"
          >
            <button
              class="tracking-cancel-btn"
              data-dismiss=""
              data-target=""
              data-testid="button"
              data-toggle=""
              id="oO_HcWqMP"
              type="button"
            >
              <svg
                fill="currentColor"
                height="24"
                viewBox="0 0 24 24"
                width="24"
              >
                <defs>
                  <path
                    d="M0 1.5L1.5 0 8 6.5 14.5 0 16 1.5 9.5 8l6.5 6.5-1.5 1.5L8 9.5 1.5 16 0 14.5 6.5 8z"
                    id="icon-close_svg__a"
                  />
                </defs>
                <use
                  transform="translate(4 4)"
                  xlink:href="#icon-close_svg__a"
                />
              </svg>
            </button>
            <h5>
              Logistics details
            </h5>
          </div>
          <hr
            class="text-muted m-0 border-box col-12"
          />
        </div>
        <div
          class="tracking-content-body"
        >
          <div
            class="timeline"
          >
            <div
              class="timeline-container timeline-left "
            >
              <div
                class="timeline-content"
              >
                <h5
                  class="font-size-14 suggested-item-price pt-2"
                >
                  5/3/16 10:55 AM
                </h5>
                <h5
                  class="font-size-14 suggested-item-price pb-3"
                >
                  order dispatched
                   
                  <i>
                    ✈...
                  </i>
                </h5>
              </div>
            </div>
          </div>
          <div
            class="timeline"
          >
            <div
              class="timeline-container timeline-left "
            >
              <div
                class="timeline-content"
              >
                <h5
                  class="font-size-14 suggested-item-price pt-2"
                >
                  5/3/16 10:55 AM
                </h5>
                <h5
                  class="font-size-14 suggested-item-price pb-3"
                >
                  Order received by the dispatch
                   
                  .
                </h5>
              </div>
            </div>
          </div>
          <div
            class="timeline"
          >
            <div
              class="timeline-container timeline-left timeline-active"
            >
              <div
                class="timeline-content"
              >
                <h5
                  class="font-size-14 suggested-item-price pt-2"
                >
                  5/3/16 10:55 AM
                </h5>
                <h5
                  class="font-size-14 suggested-item-price pb-3"
                >
                  waiting for pick up
                   
                  <i>
                    ✈...
                  </i>
                </h5>
              </div>
            </div>
          </div>
          <div
            class="timeline"
          >
            <div
              class="timeline-container timeline-left "
            >
              <div
                class="timeline-content"
              >
                <h5
                  class="font-size-14 suggested-item-price pt-2"
                >
                  5/3/16 10:55 AM
                </h5>
                <h5
                  class="font-size-14 suggested-item-price pb-3"
                >
                  Accepted by chef
                   
                  .
                </h5>
              </div>
            </div>
          </div>
          <div
            class="timeline"
          >
            <div
              class="timeline-container timeline-left "
            >
              <div
                class="timeline-content"
              >
                <h5
                  class="font-size-14 suggested-item-price pt-2"
                >
                  5/3/16 10:55 AM
                </h5>
                <h5
                  class="font-size-14 suggested-item-price pb-3"
                >
                  Your order was rejected by chef
                   
                  .
                </h5>
              </div>
            </div>
          </div>
          <div
            class="timeline"
          >
            <div
              class="timeline-container timeline-left "
            >
              <div
                class="timeline-content"
              >
                <h5
                  class="font-size-14 suggested-item-price pt-2"
                >
                  5/3/16 10:55 AM
                </h5>
                <h5
                  class="font-size-14 suggested-item-price pb-3"
                >
                  You cancelled this order
                   
                  .
                </h5>
              </div>
            </div>
          </div>
        </div>
      </div>
    </div>
  </div>
  <div
    class="tracking-backdrop"
  />
</div>
`;

exports[`Tracking component re renders properly when pending status 1`] = `
<div>
  <div
    class="tracking-absolute tracking"
  >
    <div
      class="bg-color"
    >
      <div
        class="tracking-content content-bg-color"
      >
        <div
          class="
    position-fixed
    tracking-content-header"
        >
          <div
            class="row m-0 tracking-header"
          >
            <button
              class="tracking-cancel-btn"
              data-dismiss=""
              data-target=""
              data-testid="button"
              data-toggle=""
              id="oO_HcWqMP"
              type="button"
            >
              <svg
                fill="currentColor"
                height="24"
                viewBox="0 0 24 24"
                width="24"
              >
                <defs>
                  <path
                    d="M0 1.5L1.5 0 8 6.5 14.5 0 16 1.5 9.5 8l6.5 6.5-1.5 1.5L8 9.5 1.5 16 0 14.5 6.5 8z"
                    id="icon-close_svg__a"
                  />
                </defs>
                <use
                  transform="translate(4 4)"
                  xlink:href="#icon-close_svg__a"
                />
              </svg>
            </button>
            <h5>
              Logistics details
            </h5>
          </div>
          <hr
            class="text-muted m-0 border-box col-12"
          />
        </div>
        <div
          class="tracking-content-body"
        >
          <div
            class="timeline"
          >
            <div
              class="timeline-container timeline-left "
            >
              <div
                class="timeline-content"
              >
                <h5
                  class="font-size-14 suggested-item-price pt-2"
                >
                  5/3/16 10:55 AM
                </h5>
                <h5
                  class="font-size-14 suggested-item-price pb-3"
                >
                  order dispatched
                   
                  <i>
                    ✈...
                  </i>
                </h5>
              </div>
            </div>
          </div>
          <div
            class="timeline"
          >
            <div
              class="timeline-container timeline-left "
            >
              <div
                class="timeline-content"
              >
                <h5
                  class="font-size-14 suggested-item-price pt-2"
                >
                  5/3/16 10:55 AM
                </h5>
                <h5
                  class="font-size-14 suggested-item-price pb-3"
                >
                  Order received by the dispatch
                   
                  .
                </h5>
              </div>
            </div>
          </div>
          <div
            class="timeline"
          >
            <div
              class="timeline-container timeline-left timeline-active"
            >
              <div
                class="timeline-content"
              >
                <h5
                  class="font-size-14 suggested-item-price pt-2"
                >
                  5/3/16 10:55 AM
                </h5>
                <h5
                  class="font-size-14 suggested-item-price pb-3"
                >
                  waiting for pick up
                   
                  <i>
                    ✈...
                  </i>
                </h5>
              </div>
            </div>
          </div>
          <div
            class="timeline"
          >
            <div
              class="timeline-container timeline-left "
            >
              <div
                class="timeline-content"
              >
                <h5
                  class="font-size-14 suggested-item-price pt-2"
                >
                  5/3/16 10:55 AM
                </h5>
                <h5
                  class="font-size-14 suggested-item-price pb-3"
                >
                  Accepted by chef
                   
                  .
                </h5>
              </div>
            </div>
          </div>
          <div
            class="timeline"
          >
            <div
              class="timeline-container timeline-left "
            >
              <div
                class="timeline-content"
              >
                <h5
                  class="font-size-14 suggested-item-price pt-2"
                >
                  5/3/16 10:55 AM
                </h5>
                <h5
                  class="font-size-14 suggested-item-price pb-3"
                >
                  Your order was rejected by chef
                   
                  .
                </h5>
              </div>
            </div>
          </div>
          <div
            class="timeline"
          >
            <div
              class="timeline-container timeline-left "
            >
              <div
                class="timeline-content"
              >
                <h5
                  class="font-size-14 suggested-item-price pt-2"
                >
                  5/3/16 10:55 AM
                </h5>
                <h5
                  class="font-size-14 suggested-item-price pb-3"
                >
                  You cancelled this order
                   
                  .
                </h5>
              </div>
            </div>
          </div>
        </div>
      </div>
    </div>
  </div>
  <div
    class="tracking-backdrop"
  />
</div>
`;

exports[`Tracking component re renders properly when rejected status 1`] = `
<div>
  <div
    class="tracking-absolute tracking"
  >
    <div
      class="bg-color"
    >
      <div
        class="tracking-content content-bg-color"
      >
        <div
          class="
    position-fixed
    tracking-content-header"
        >
          <div
            class="row m-0 tracking-header"
          >
            <button
              class="tracking-cancel-btn"
              data-dismiss=""
              data-target=""
              data-testid="button"
              data-toggle=""
              id="oO_HcWqMP"
              type="button"
            >
              <svg
                fill="currentColor"
                height="24"
                viewBox="0 0 24 24"
                width="24"
              >
                <defs>
                  <path
                    d="M0 1.5L1.5 0 8 6.5 14.5 0 16 1.5 9.5 8l6.5 6.5-1.5 1.5L8 9.5 1.5 16 0 14.5 6.5 8z"
                    id="icon-close_svg__a"
                  />
                </defs>
                <use
                  transform="translate(4 4)"
                  xlink:href="#icon-close_svg__a"
                />
              </svg>
            </button>
            <h5>
              Logistics details
            </h5>
          </div>
          <hr
            class="text-muted m-0 border-box col-12"
          />
        </div>
        <div
          class="tracking-content-body"
        >
          <div
            class="timeline"
          >
            <div
              class="timeline-container timeline-left "
            >
              <div
                class="timeline-content"
              >
                <h5
                  class="font-size-14 suggested-item-price pt-2"
                >
                  5/3/16 10:55 AM
                </h5>
                <h5
                  class="font-size-14 suggested-item-price pb-3"
                >
                  order dispatched
                   
                  <i>
                    ✈...
                  </i>
                </h5>
              </div>
            </div>
          </div>
          <div
            class="timeline"
          >
            <div
              class="timeline-container timeline-left "
            >
              <div
                class="timeline-content"
              >
                <h5
                  class="font-size-14 suggested-item-price pt-2"
                >
                  5/3/16 10:55 AM
                </h5>
                <h5
                  class="font-size-14 suggested-item-price pb-3"
                >
                  Order received by the dispatch
                   
                  .
                </h5>
              </div>
            </div>
          </div>
          <div
            class="timeline"
          >
            <div
              class="timeline-container timeline-left timeline-active"
            >
              <div
                class="timeline-content"
              >
                <h5
                  class="font-size-14 suggested-item-price pt-2"
                >
                  5/3/16 10:55 AM
                </h5>
                <h5
                  class="font-size-14 suggested-item-price pb-3"
                >
                  waiting for pick up
                   
                  <i>
                    ✈...
                  </i>
                </h5>
              </div>
            </div>
          </div>
          <div
            class="timeline"
          >
            <div
              class="timeline-container timeline-left "
            >
              <div
                class="timeline-content"
              >
                <h5
                  class="font-size-14 suggested-item-price pt-2"
                >
                  5/3/16 10:55 AM
                </h5>
                <h5
                  class="font-size-14 suggested-item-price pb-3"
                >
                  Accepted by chef
                   
                  .
                </h5>
              </div>
            </div>
          </div>
          <div
            class="timeline"
          >
            <div
              class="timeline-container timeline-left "
            >
              <div
                class="timeline-content"
              >
                <h5
                  class="font-size-14 suggested-item-price pt-2"
                >
                  5/3/16 10:55 AM
                </h5>
                <h5
                  class="font-size-14 suggested-item-price pb-3"
                >
                  Your order was rejected by chef
                   
                  .
                </h5>
              </div>
            </div>
          </div>
          <div
            class="timeline"
          >
            <div
              class="timeline-container timeline-left "
            >
              <div
                class="timeline-content"
              >
                <h5
                  class="font-size-14 suggested-item-price pt-2"
                >
                  5/3/16 10:55 AM
                </h5>
                <h5
                  class="font-size-14 suggested-item-price pb-3"
                >
                  You cancelled this order
                   
                  .
                </h5>
              </div>
            </div>
          </div>
        </div>
      </div>
    </div>
  </div>
  <div
    class="tracking-backdrop"
  />
</div>
`;

exports[`Tracking component renders properly 1`] = `
<div>
  <div
    class="tracking-absolute tracking"
  >
    <div
      class="bg-color"
    >
      <div
        class="tracking-content content-bg-color"
      >
        <div
          class="
    position-fixed
    tracking-content-header"
        >
          <div
            class="row m-0 tracking-header"
          >
            <button
              class="tracking-cancel-btn"
              data-dismiss=""
              data-target=""
              data-testid="button"
              data-toggle=""
              id="oO_HcWqMP"
              type="button"
            >
              <svg
                fill="currentColor"
                height="24"
                viewBox="0 0 24 24"
                width="24"
              >
                <defs>
                  <path
                    d="M0 1.5L1.5 0 8 6.5 14.5 0 16 1.5 9.5 8l6.5 6.5-1.5 1.5L8 9.5 1.5 16 0 14.5 6.5 8z"
                    id="icon-close_svg__a"
                  />
                </defs>
                <use
                  transform="translate(4 4)"
                  xlink:href="#icon-close_svg__a"
                />
              </svg>
            </button>
            <h5>
              Logistics details
            </h5>
          </div>
          <hr
            class="text-muted m-0 border-box col-12"
          />
        </div>
        <div
          class="tracking-content-body"
        >
          <div
            class="timeline"
          >
            <div
              class="timeline-container timeline-left "
            >
              <div
                class="timeline-content"
              >
                <h5
                  class="font-size-14 suggested-item-price pt-2"
                >
                  5/3/16 10:55 AM
                </h5>
                <h5
                  class="font-size-14 suggested-item-price pb-3"
                >
                  order dispatched
                   
                  <i>
                    ✈...
                  </i>
                </h5>
              </div>
            </div>
          </div>
          <div
            class="timeline"
          >
            <div
              class="timeline-container timeline-left "
            >
              <div
                class="timeline-content"
              >
                <h5
                  class="font-size-14 suggested-item-price pt-2"
                >
                  5/3/16 10:55 AM
                </h5>
                <h5
                  class="font-size-14 suggested-item-price pb-3"
                >
                  Order received by the dispatch
                   
                  .
                </h5>
              </div>
            </div>
          </div>
          <div
            class="timeline"
          >
            <div
              class="timeline-container timeline-left timeline-active"
            >
              <div
                class="timeline-content"
              >
                <h5
                  class="font-size-14 suggested-item-price pt-2"
                >
                  5/3/16 10:55 AM
                </h5>
                <h5
                  class="font-size-14 suggested-item-price pb-3"
                >
                  waiting for pick up
                   
                  <i>
                    ✈...
                  </i>
                </h5>
              </div>
            </div>
          </div>
          <div
            class="timeline"
          >
            <div
              class="timeline-container timeline-left "
            >
              <div
                class="timeline-content"
              >
                <h5
                  class="font-size-14 suggested-item-price pt-2"
                >
                  5/3/16 10:55 AM
                </h5>
                <h5
                  class="font-size-14 suggested-item-price pb-3"
                >
                  Accepted by chef
                   
                  .
                </h5>
              </div>
            </div>
          </div>
          <div
            class="timeline"
          >
            <div
              class="timeline-container timeline-left "
            >
              <div
                class="timeline-content"
              >
                <h5
                  class="font-size-14 suggested-item-price pt-2"
                >
                  5/3/16 10:55 AM
                </h5>
                <h5
                  class="font-size-14 suggested-item-price pb-3"
                >
                  Your order was rejected by chef
                   
                  .
                </h5>
              </div>
            </div>
          </div>
          <div
            class="timeline"
          >
            <div
              class="timeline-container timeline-left "
            >
              <div
                class="timeline-content"
              >
                <h5
                  class="font-size-14 suggested-item-price pt-2"
                >
                  5/3/16 10:55 AM
                </h5>
                <h5
                  class="font-size-14 suggested-item-price pb-3"
                >
                  You cancelled this order
                   
                  .
                </h5>
              </div>
            </div>
          </div>
        </div>
      </div>
    </div>
  </div>
  <div
    class="tracking-backdrop"
  />
</div>
`;
