// Jest Snapshot v1, https://goo.gl/fbAQLP

exports[`Transaction component renders properly 1`] = `
<div>
  <div
    class="bg-color history pt-2 pb-5"
  >
    <div
      class="profile-header-section mb-4"
    >
      <div
        class="container profile-header"
      >
        <h1
          class="profile-header-title"
        >
          Order
           
          history
        </h1>
      </div>
    </div>
    <div
      class="container relative d-bg-white-none"
    >
      <div
        class="d-flex flex-column flex-xl-column
 flex-lg-column flex-md-column justify-content-between"
      >
        <div
          class="d-flex flex-column flex-xl-column flex-lg-column flex-md-column
 justify-content-between"
        >
          <div
            class="row flex custom-border d-xl-flex d-lg-flex d-md-none d-none"
          >
            <div
              class="col-2 pt-1 pb-1 custom-border bold"
            >
              Status
            </div>
            <div
              class="col-2 pt-1 pb-1 custom-border bold"
            >
              PickUp
            </div>
            <div
              class="col-2 pt-1 pb-1 custom-border bold"
            >
              DropOff
            </div>
            <div
              class="col-2 pt-1 pb-1 custom-border bold"
            >
              Order
            </div>
            <div
              class="col-2 pt-1 pb-1 custom-border bold"
            >
              Price
            </div>
            <div
              class="col-2 pt-1 pb-1 custom-border bold"
            >
              Courier
            </div>
          </div>
          <div
            aria-pressed="false"
            class="row flex flex-xl-row flex-lg-row d-xl-flex d-lg-flex d-md-none
 d-none cursor-pointer custom-border-px"
            data-testid="table-btn"
            role="button"
            tabindex="0"
          >
            <div
              class="col-xl-2 col-lg-2 col-md-10 pt-3 custom-border"
            >
              <div
                class="text-uppercase"
              >
                <h5
                  class="font-size-14 text-warning"
                >
                  pending
                </h5>
                <h5
                  class="light font-size-13 suggested-item-price"
                >
                  27/3/2019 12:43 pm
                </h5>
              </div>
            </div>
            <div
              class="col-xl-2 col-lg-2 col-md-10 pt-3 custom-border"
            >
              <div>
                <h5
                  class="text-uppercase font-size-14"
                >
                  salad and bbq
                </h5>
                <h5
                  class="light text-capitalize font-size-13"
                >
                  pickup address street
                </h5>
                <h5
                  class="light font-size-13"
                >
                  03847858
                </h5>
              </div>
            </div>
            <div
              class="col-xl-2 col-lg-2 col-md-10 pt-3 custom-border"
            >
              <div
                class="dropoff"
              >
                <h6
                  class="font-size-14 capitalize"
                >
                  mr delivery name
                </h6>
                <h6
                  class="light font-size-13"
                >
                  delivery address street
                </h6>
                <h6
                  class="light font-size-13"
                >
                  94574783930
                </h6>
              </div>
            </div>
            <div
              class="col-xl-2 col-lg-2 col-md-10 pt-3 custom-border"
            >
              <div
                class="history-order"
              >
                <h5
                  class="font-size-14"
                >
                  Order 
                  03d77
                </h5>
                <h5
                  class="light font-size-13"
                >
                  2
                   Items
                </h5>
              </div>
            </div>
            <div
              class="col-xl-2 col-lg-2 col-md-10 pt-3 custom-border"
            >
              <div
                class="history-price"
              >
                <h5
                  class="text-color font-size-14"
                >
                  ₦
                  3000
                </h5>
              </div>
            </div>
            <div
              class="col-xl-2 col-lg-2 col-md-10 pt-3 custom-border"
            >
              <div
                class="courier-history"
              >
                <img
                  alt="courier"
                  class="courier-img"
                  src="https;//www.google.com/img"
                />
                <h6
                  class="light"
                >
                  curier name
                </h6>
              </div>
            </div>
          </div>
        </div>
        <div
          aria-pressed="true"
          class="d-block d-md-block d-xl-none d-lg-none bg-white py-3 mb-3
 cursor-pointer"
          data-testid="card-button"
          role="button"
          tabindex="0"
        >
          <div
            class="container px-0 d-flex-column column mb-2 justify-content-center"
          >
            <div
              class="col-md-11 mx-auto "
            >
              <div
                class="row justify-content-between text-uppercase"
              >
                <h5
                  class="font-size-14"
                >
                  #
                  03d77
                </h5>
                <h5
                  class="font-size-14 suggested-item-price"
                >
                  27/3/2019 12:43 pm
                </h5>
              </div>
            </div>
            <hr
              class="border-line border-box col-12"
            />
            <div
              class="col-md-11 mx-auto pt-1 pb-1"
            >
              <div
                class="row justify-content-between"
              >
                <h5
                  class="text-uppercase font-size-14"
                >
                  2
                  X  
                  salad and bbq
                   ...
                </h5>
              </div>
            </div>
            <div
              class="col-md-11 mx-auto "
            >
              <div
                class="row justify-content-between text-capitalize"
              >
                <h5
                  class="font-size-14"
                >
                  Status: 
                  <span
                    class="text-warning"
                  >
                     
                    pending
                  </span>
                </h5>
                <h5
                  class="text-color font-size-14"
                >
                   ₦
                  3000
                  .00
                </h5>
              </div>
            </div>
          </div>
        </div>
      </div>
    </div>
  </div>
  <div
    class="tracking-absolute tracking"
  >
    <div
      class="bg-color"
    >
      <div
        class="tracking-content content-bg-color"
      >
        <div
          class="
    position-fixed
    tracking-content-header"
        >
          <div
            class="row m-0 tracking-header"
          >
            <button
              class="tracking-cancel-btn"
              data-target=""
              data-testid="button"
              data-toggle=""
              id="Ztyq_yA84"
              type="button"
            >
              <svg
                fill="currentColor"
                height="24"
                viewBox="0 0 24 24"
                width="24"
              >
                <defs>
                  <path
                    d="M0 1.5L1.5 0 8 6.5 14.5 0 16 1.5 9.5 8l6.5 6.5-1.5 1.5L8 9.5 1.5 16 0 14.5 6.5 8z"
                    id="icon-close_svg__a"
                  />
                </defs>
                <use
                  transform="translate(4 4)"
                  xlink:href="#icon-close_svg__a"
                />
              </svg>
            </button>
            <h5>
              Logistics details
            </h5>
          </div>
          <hr
            class="text-muted m-0 border-box col-12"
          />
        </div>
        <div
          class="tracking-content-body"
        >
          <div
            class="timeline"
          >
            <div
              class="timeline-container timeline-left "
            >
              <div
                class="timeline-content"
              >
                <h5
                  class="font-size-14 suggested-item-price pt-2"
                >
                  5/3/16 10:55 AM
                </h5>
                <h5
                  class="font-size-14 suggested-item-price pb-3"
                >
                  order dispatched
                   
                  <i>
                    ✈...
                  </i>
                </h5>
              </div>
            </div>
          </div>
          <div
            class="timeline"
          >
            <div
              class="timeline-container timeline-left "
            >
              <div
                class="timeline-content"
              >
                <h5
                  class="font-size-14 suggested-item-price pt-2"
                >
                  5/3/16 10:55 AM
                </h5>
                <h5
                  class="font-size-14 suggested-item-price pb-3"
                >
                  Order received by the dispatch
                   
                  .
                </h5>
              </div>
            </div>
          </div>
          <div
            class="timeline"
          >
            <div
              class="timeline-container timeline-left timeline-active"
            >
              <div
                class="timeline-content"
              >
                <h5
                  class="font-size-14 suggested-item-price pt-2"
                >
                  5/3/16 10:55 AM
                </h5>
                <h5
                  class="font-size-14 suggested-item-price pb-3"
                >
                  waiting for pick up
                   
                  <i>
                    ✈...
                  </i>
                </h5>
              </div>
            </div>
          </div>
          <div
            class="timeline"
          >
            <div
              class="timeline-container timeline-left "
            >
              <div
                class="timeline-content"
              >
                <h5
                  class="font-size-14 suggested-item-price pt-2"
                >
                  5/3/16 10:55 AM
                </h5>
                <h5
                  class="font-size-14 suggested-item-price pb-3"
                >
                  Accepted by chef
                   
                  .
                </h5>
              </div>
            </div>
          </div>
          <div
            class="timeline"
          >
            <div
              class="timeline-container timeline-left "
            >
              <div
                class="timeline-content"
              >
                <h5
                  class="font-size-14 suggested-item-price pt-2"
                >
                  5/3/16 10:55 AM
                </h5>
                <h5
                  class="font-size-14 suggested-item-price pb-3"
                >
                  Your order was rejected by chef
                   
                  .
                </h5>
              </div>
            </div>
          </div>
          <div
            class="timeline"
          >
            <div
              class="timeline-container timeline-left "
            >
              <div
                class="timeline-content"
              >
                <h5
                  class="font-size-14 suggested-item-price pt-2"
                >
                  5/3/16 10:55 AM
                </h5>
                <h5
                  class="font-size-14 suggested-item-price pb-3"
                >
                  You cancelled this order
                   
                  .
                </h5>
              </div>
            </div>
          </div>
        </div>
      </div>
    </div>
  </div>
  <div
    class="tracking-backdrop"
  />
</div>
`;
