// Jest Snapshot v1, https://goo.gl/fbAQLP

exports[`AccountDetailsGroupHeader component renders properly 1`] = `
ReactWrapper {
  Symbol(enzyme.__unrendered__): <AccountDetailsGroupHeader
    text="Account details here"
  />,
  Symbol(enzyme.__renderer__): Object {
    "batchedUpdates": [Function],
    "getNode": [Function],
    "render": [Function],
    "simulateError": [Function],
    "simulateEvent": [Function],
    "unmount": [Function],
  },
  Symbol(enzyme.__root__): [Circular],
  Symbol(enzyme.__node__): Object {
    "instance": null,
    "key": undefined,
    "nodeType": "function",
    "props": Object {
      "text": "Account details here",
    },
    "ref": null,
    "rendered": Object {
      "instance": <div
        class="account-details-header"
      >
        <h5
          class="account-details-text"
        >
          Account details here
        </h5>
      </div>,
      "key": undefined,
      "nodeType": "host",
      "props": Object {
        "children": <h5
          className="account-details-text"
        >
          Account details here
        </h5>,
        "className": "account-details-header",
      },
      "ref": null,
      "rendered": Array [
        Object {
          "instance": <h5
            class="account-details-text"
          >
            Account details here
          </h5>,
          "key": undefined,
          "nodeType": "host",
          "props": Object {
            "children": "Account details here",
            "className": "account-details-text",
          },
          "ref": null,
          "rendered": Array [
            "Account details here",
          ],
          "type": "h5",
        },
      ],
      "type": "div",
    },
    "type": [Function],
  },
  Symbol(enzyme.__nodes__): Array [
    Object {
      "instance": null,
      "key": undefined,
      "nodeType": "function",
      "props": Object {
        "text": "Account details here",
      },
      "ref": null,
      "rendered": Object {
        "instance": <div
          class="account-details-header"
        >
          <h5
            class="account-details-text"
          >
            Account details here
          </h5>
        </div>,
        "key": undefined,
        "nodeType": "host",
        "props": Object {
          "children": <h5
            className="account-details-text"
          >
            Account details here
          </h5>,
          "className": "account-details-header",
        },
        "ref": null,
        "rendered": Array [
          Object {
            "instance": <h5
              class="account-details-text"
            >
              Account details here
            </h5>,
            "key": undefined,
            "nodeType": "host",
            "props": Object {
              "children": "Account details here",
              "className": "account-details-text",
            },
            "ref": null,
            "rendered": Array [
              "Account details here",
            ],
            "type": "h5",
          },
        ],
        "type": "div",
      },
      "type": [Function],
    },
  ],
  Symbol(enzyme.__options__): Object {
    "adapter": ReactSixteenAdapter {
      "options": Object {
        "enableComponentDidUpdateOnSetState": true,
        "legacyContextMode": "parent",
        "lifecycles": Object {
          "componentDidUpdate": Object {
            "onSetState": true,
          },
          "getChildContext": Object {
            "calledByRenderer": false,
          },
          "getDerivedStateFromProps": true,
          "getSnapshotBeforeUpdate": true,
          "setState": Object {
            "skipsComponentDidUpdateOnNullish": true,
          },
        },
      },
    },
  },
}
`;
