// Jest Snapshot v1, https://goo.gl/fbAQLP

exports[`Area to explore component renders properly 1`] = `
Object {
  "asFragment": [Function],
  "baseElement": <body>
    <div>
      <div
        class="mb-2 mt-4"
      >
        <h2
          class="font-size-16 px-3 px-md-3 px-lg-0"
        >
          Add Address
        </h2>
        <span
          class="text-danger font-size-11"
        />
        <form
          class="border padding-20 mt-4"
        >
          <div
            class="form-group font-size-14 mb-4"
          >
            <label
              class="no-label"
              for="address"
            >
              Address
            </label>
            <input
              accept=""
              autocomplete="off"
              class="form-control border-input-style p-0"
              name="streetAddress1"
              placeholder="Address"
              type="text"
              value=""
            />
            <span
              class="text-danger font-size-11"
            />
          </div>
          <div
            class="form-group font-size-14 mb-4"
          >
            <label
              class="no-label"
              for="streetAddress2"
            >
              Apt no or company name
            </label>
            <input
              accept=""
              autocomplete="off"
              class="form-control border-input-style p-0"
              name="streetAddress2"
              placeholder="Apt no or company name"
              type="text"
              value=""
            />
            <span
              class="text-danger font-size-11"
            />
          </div>
          <div
            class="d-inline-flex pl-0 flex-column col-6 col-md-6 mb-4"
          >
            <label
              class="no-label"
              for="name"
            >
              Contact name
            </label>
            <input
              accept=""
              autocomplete="off"
              class="form-control border-input-style p-0"
              name="name"
              placeholder="Contact name"
              type="text"
              value=""
            />
            <span
              class="text-danger font-size-11"
            />
          </div>
          <div
            class="d-inline-flex pr-0 flex-column col-6 col-md-6 mb-4"
          >
            <label
              class="no-label"
              for="mobileNumber"
            >
              Phone number
            </label>
            <input
              accept=""
              autocomplete="off"
              class="form-control border-input-style p-0"
              name="mobileNumber"
              placeholder="Phone number"
              type="text"
              value=""
            />
            <span
              class="text-danger font-size-11"
            />
          </div>
          <div
            class="form-group mb-4"
          >
            <textarea
              class="text-area instruction"
              maxlength="200"
              name="deliveryInstructions"
              placeholder="Add delivery instructuctions..."
            />
          </div>
          <div>
            <button
              class="small-button-save"
              data-dismiss=""
              data-target=""
              data-testid="button"
              data-toggle=""
              id="qTPLsib7d"
              type="button"
            >
              Save
            </button>
          </div>
        </form>
      </div>
    </div>
  </body>,
  "container": <div>
    <div
      class="mb-2 mt-4"
    >
      <h2
        class="font-size-16 px-3 px-md-3 px-lg-0"
      >
        Add Address
      </h2>
      <span
        class="text-danger font-size-11"
      />
      <form
        class="border padding-20 mt-4"
      >
        <div
          class="form-group font-size-14 mb-4"
        >
          <label
            class="no-label"
            for="address"
          >
            Address
          </label>
          <input
            accept=""
            autocomplete="off"
            class="form-control border-input-style p-0"
            name="streetAddress1"
            placeholder="Address"
            type="text"
            value=""
          />
          <span
            class="text-danger font-size-11"
          />
        </div>
        <div
          class="form-group font-size-14 mb-4"
        >
          <label
            class="no-label"
            for="streetAddress2"
          >
            Apt no or company name
          </label>
          <input
            accept=""
            autocomplete="off"
            class="form-control border-input-style p-0"
            name="streetAddress2"
            placeholder="Apt no or company name"
            type="text"
            value=""
          />
          <span
            class="text-danger font-size-11"
          />
        </div>
        <div
          class="d-inline-flex pl-0 flex-column col-6 col-md-6 mb-4"
        >
          <label
            class="no-label"
            for="name"
          >
            Contact name
          </label>
          <input
            accept=""
            autocomplete="off"
            class="form-control border-input-style p-0"
            name="name"
            placeholder="Contact name"
            type="text"
            value=""
          />
          <span
            class="text-danger font-size-11"
          />
        </div>
        <div
          class="d-inline-flex pr-0 flex-column col-6 col-md-6 mb-4"
        >
          <label
            class="no-label"
            for="mobileNumber"
          >
            Phone number
          </label>
          <input
            accept=""
            autocomplete="off"
            class="form-control border-input-style p-0"
            name="mobileNumber"
            placeholder="Phone number"
            type="text"
            value=""
          />
          <span
            class="text-danger font-size-11"
          />
        </div>
        <div
          class="form-group mb-4"
        >
          <textarea
            class="text-area instruction"
            maxlength="200"
            name="deliveryInstructions"
            placeholder="Add delivery instructuctions..."
          />
        </div>
        <div>
          <button
            class="small-button-save"
            data-dismiss=""
            data-target=""
            data-testid="button"
            data-toggle=""
            id="qTPLsib7d"
            type="button"
          >
            Save
          </button>
        </div>
      </form>
    </div>
  </div>,
  "debug": [Function],
  "findAllByAltText": [Function],
  "findAllByDisplayValue": [Function],
  "findAllByLabelText": [Function],
  "findAllByPlaceholderText": [Function],
  "findAllByRole": [Function],
  "findAllByTestId": [Function],
  "findAllByText": [Function],
  "findAllByTitle": [Function],
  "findByAltText": [Function],
  "findByDisplayValue": [Function],
  "findByLabelText": [Function],
  "findByPlaceholderText": [Function],
  "findByRole": [Function],
  "findByTestId": [Function],
  "findByText": [Function],
  "findByTitle": [Function],
  "getAllByAltText": [Function],
  "getAllByDisplayValue": [Function],
  "getAllByLabelText": [Function],
  "getAllByPlaceholderText": [Function],
  "getAllByRole": [Function],
  "getAllBySelectText": [Function],
  "getAllByTestId": [Function],
  "getAllByText": [Function],
  "getAllByTitle": [Function],
  "getAllByValue": [Function],
  "getByAltText": [Function],
  "getByDisplayValue": [Function],
  "getByLabelText": [Function],
  "getByPlaceholderText": [Function],
  "getByRole": [Function],
  "getBySelectText": [Function],
  "getByTestId": [Function],
  "getByText": [Function],
  "getByTitle": [Function],
  "getByValue": [Function],
  "queryAllByAltText": [Function],
  "queryAllByDisplayValue": [Function],
  "queryAllByLabelText": [Function],
  "queryAllByPlaceholderText": [Function],
  "queryAllByRole": [Function],
  "queryAllBySelectText": [Function],
  "queryAllByTestId": [Function],
  "queryAllByText": [Function],
  "queryAllByTitle": [Function],
  "queryAllByValue": [Function],
  "queryByAltText": [Function],
  "queryByDisplayValue": [Function],
  "queryByLabelText": [Function],
  "queryByPlaceholderText": [Function],
  "queryByRole": [Function],
  "queryBySelectText": [Function],
  "queryByTestId": [Function],
  "queryByText": [Function],
  "queryByTitle": [Function],
  "queryByValue": [Function],
  "rerender": [Function],
  "unmount": [Function],
}
`;
