// Jest Snapshot v1, https://goo.gl/fbAQLP

exports[`SearchAnything FeedPage component renders properly 1`] = `
ReactWrapper {
  Symbol(enzyme.__unrendered__): <SearchLocation />,
  Symbol(enzyme.__renderer__): Object {
    "batchedUpdates": [Function],
    "getNode": [Function],
    "render": [Function],
    "simulateError": [Function],
    "simulateEvent": [Function],
    "unmount": [Function],
  },
  Symbol(enzyme.__root__): [Circular],
  Symbol(enzyme.__node__): Object {
    "instance": null,
    "key": undefined,
    "nodeType": "function",
    "props": Object {},
    "ref": null,
    "rendered": Object {
      "instance": <div
        class="input-group address-input-section feed-address-input-section d-inline-flex ml-3"
      >
        <div
          class="input-group-prepends"
        >
          <span
            class="nav-magnifier"
          >
            <svg
              class="magnifier"
              height="16"
              viewBox="0 0 16 16"
              width="16"
            >
              <defs>
                <path
                  d="M11.75 10.335l3.32 3.322-1.413 1.414-3.322-3.32A6.48 6.48 0 0 1 6.5 13a6.5 6.5 0 1 1 5.25-2.665zM6.5 11a4.5 4.5 0 1 0 0-9 4.5 4.5 0 0 0 0 9z"
                  id="icon-search_svg__a"
                />
              </defs>
              <use
                fill="currentColor"
                fill-rule="evenodd"
                opacity=".9"
                xlink:href="#icon-search_svg__a"
              />
            </svg>
          </span>
        </div>
        <input
          class="text-field form-control"
          name="search"
          placeholder="Search for anything..."
          type="text"
          value=""
        />
      </div>,
      "key": undefined,
      "nodeType": "host",
      "props": Object {
        "children": Array [
          <div
            className="input-group-prepends"
          >
            <span
              className="nav-magnifier"
            >
              <search />
            </span>
          </div>,
          <InputField
            classNames="text-field form-control"
            defaultValue=""
            handleChange={[Function]}
            handleFocus={[Function]}
            name="search"
            placeholderText="Search for anything..."
            type="text"
          />,
        ],
        "className": "input-group address-input-section feed-address-input-section d-inline-flex ml-3",
      },
      "ref": null,
      "rendered": Array [
        Object {
          "instance": <div
            class="input-group-prepends"
          >
            <span
              class="nav-magnifier"
            >
              <svg
                class="magnifier"
                height="16"
                viewBox="0 0 16 16"
                width="16"
              >
                <defs>
                  <path
                    d="M11.75 10.335l3.32 3.322-1.413 1.414-3.322-3.32A6.48 6.48 0 0 1 6.5 13a6.5 6.5 0 1 1 5.25-2.665zM6.5 11a4.5 4.5 0 1 0 0-9 4.5 4.5 0 0 0 0 9z"
                    id="icon-search_svg__a"
                  />
                </defs>
                <use
                  fill="currentColor"
                  fill-rule="evenodd"
                  opacity=".9"
                  xlink:href="#icon-search_svg__a"
                />
              </svg>
            </span>
          </div>,
          "key": undefined,
          "nodeType": "host",
          "props": Object {
            "children": <span
              className="nav-magnifier"
            >
              <search />
            </span>,
            "className": "input-group-prepends",
          },
          "ref": null,
          "rendered": Array [
            Object {
              "instance": <span
                class="nav-magnifier"
              >
                <svg
                  class="magnifier"
                  height="16"
                  viewBox="0 0 16 16"
                  width="16"
                >
                  <defs>
                    <path
                      d="M11.75 10.335l3.32 3.322-1.413 1.414-3.322-3.32A6.48 6.48 0 0 1 6.5 13a6.5 6.5 0 1 1 5.25-2.665zM6.5 11a4.5 4.5 0 1 0 0-9 4.5 4.5 0 0 0 0 9z"
                      id="icon-search_svg__a"
                    />
                  </defs>
                  <use
                    fill="currentColor"
                    fill-rule="evenodd"
                    opacity=".9"
                    xlink:href="#icon-search_svg__a"
                  />
                </svg>
              </span>,
              "key": undefined,
              "nodeType": "host",
              "props": Object {
                "children": <search />,
                "className": "nav-magnifier",
              },
              "ref": null,
              "rendered": Array [
                Object {
                  "instance": null,
                  "key": undefined,
                  "nodeType": "function",
                  "props": Object {},
                  "ref": null,
                  "rendered": Object {
                    "instance": <svg
                      class="magnifier"
                      height="16"
                      viewBox="0 0 16 16"
                      width="16"
                    >
                      <defs>
                        <path
                          d="M11.75 10.335l3.32 3.322-1.413 1.414-3.322-3.32A6.48 6.48 0 0 1 6.5 13a6.5 6.5 0 1 1 5.25-2.665zM6.5 11a4.5 4.5 0 1 0 0-9 4.5 4.5 0 0 0 0 9z"
                          id="icon-search_svg__a"
                        />
                      </defs>
                      <use
                        fill="currentColor"
                        fill-rule="evenodd"
                        opacity=".9"
                        xlink:href="#icon-search_svg__a"
                      />
                    </svg>,
                    "key": undefined,
                    "nodeType": "host",
                    "props": Object {
                      "children": Array [
                        <defs>
                          <path
                            d="M11.75 10.335l3.32 3.322-1.413 1.414-3.322-3.32A6.48 6.48 0 0 1 6.5 13a6.5 6.5 0 1 1 5.25-2.665zM6.5 11a4.5 4.5 0 1 0 0-9 4.5 4.5 0 0 0 0 9z"
                            id="icon-search_svg__a"
                          />
                        </defs>,
                        <use
                          fill="currentColor"
                          fillRule="evenodd"
                          opacity=".9"
                          xlinkHref="#icon-search_svg__a"
                        />,
                      ],
                      "className": "magnifier",
                      "height": "16",
                      "viewBox": "0 0 16 16",
                      "width": "16",
                    },
                    "ref": null,
                    "rendered": Array [
                      Object {
                        "instance": <defs>
                          <path
                            d="M11.75 10.335l3.32 3.322-1.413 1.414-3.322-3.32A6.48 6.48 0 0 1 6.5 13a6.5 6.5 0 1 1 5.25-2.665zM6.5 11a4.5 4.5 0 1 0 0-9 4.5 4.5 0 0 0 0 9z"
                            id="icon-search_svg__a"
                          />
                        </defs>,
                        "key": undefined,
                        "nodeType": "host",
                        "props": Object {
                          "children": <path
                            d="M11.75 10.335l3.32 3.322-1.413 1.414-3.322-3.32A6.48 6.48 0 0 1 6.5 13a6.5 6.5 0 1 1 5.25-2.665zM6.5 11a4.5 4.5 0 1 0 0-9 4.5 4.5 0 0 0 0 9z"
                            id="icon-search_svg__a"
                          />,
                        },
                        "ref": null,
                        "rendered": Array [
                          Object {
                            "instance": <path
                              d="M11.75 10.335l3.32 3.322-1.413 1.414-3.322-3.32A6.48 6.48 0 0 1 6.5 13a6.5 6.5 0 1 1 5.25-2.665zM6.5 11a4.5 4.5 0 1 0 0-9 4.5 4.5 0 0 0 0 9z"
                              id="icon-search_svg__a"
                            />,
                            "key": undefined,
                            "nodeType": "host",
                            "props": Object {
                              "d": "M11.75 10.335l3.32 3.322-1.413 1.414-3.322-3.32A6.48 6.48 0 0 1 6.5 13a6.5 6.5 0 1 1 5.25-2.665zM6.5 11a4.5 4.5 0 1 0 0-9 4.5 4.5 0 0 0 0 9z",
                              "id": "icon-search_svg__a",
                            },
                            "ref": null,
                            "rendered": Array [
                              undefined,
                            ],
                            "type": "path",
                          },
                        ],
                        "type": "defs",
                      },
                      Object {
                        "instance": <use
                          fill="currentColor"
                          fill-rule="evenodd"
                          opacity=".9"
                          xlink:href="#icon-search_svg__a"
                        />,
                        "key": undefined,
                        "nodeType": "host",
                        "props": Object {
                          "fill": "currentColor",
                          "fillRule": "evenodd",
                          "opacity": ".9",
                          "xlinkHref": "#icon-search_svg__a",
                        },
                        "ref": null,
                        "rendered": Array [
                          undefined,
                        ],
                        "type": "use",
                      },
                    ],
                    "type": "svg",
                  },
                  "type": [Function],
                },
              ],
              "type": "span",
            },
          ],
          "type": "div",
        },
        Object {
          "instance": null,
          "key": undefined,
          "nodeType": "function",
          "props": Object {
            "classNames": "text-field form-control",
            "defaultValue": "",
            "handleChange": [Function],
            "handleFocus": [Function],
            "name": "search",
            "placeholderText": "Search for anything...",
            "type": "text",
          },
          "ref": null,
          "rendered": Object {
            "instance": <input
              class="text-field form-control"
              name="search"
              placeholder="Search for anything..."
              type="text"
              value=""
            />,
            "key": undefined,
            "nodeType": "host",
            "props": Object {
              "className": "text-field form-control",
              "defaultValue": "",
              "name": "search",
              "onChange": [Function],
              "onFocus": [Function],
              "placeholder": "Search for anything...",
              "type": "text",
            },
            "ref": null,
            "rendered": Array [
              undefined,
            ],
            "type": "input",
          },
          "type": [Function],
        },
      ],
      "type": "div",
    },
    "type": [Function],
  },
  Symbol(enzyme.__nodes__): Array [
    Object {
      "instance": null,
      "key": undefined,
      "nodeType": "function",
      "props": Object {},
      "ref": null,
      "rendered": Object {
        "instance": <div
          class="input-group address-input-section feed-address-input-section d-inline-flex ml-3"
        >
          <div
            class="input-group-prepends"
          >
            <span
              class="nav-magnifier"
            >
              <svg
                class="magnifier"
                height="16"
                viewBox="0 0 16 16"
                width="16"
              >
                <defs>
                  <path
                    d="M11.75 10.335l3.32 3.322-1.413 1.414-3.322-3.32A6.48 6.48 0 0 1 6.5 13a6.5 6.5 0 1 1 5.25-2.665zM6.5 11a4.5 4.5 0 1 0 0-9 4.5 4.5 0 0 0 0 9z"
                    id="icon-search_svg__a"
                  />
                </defs>
                <use
                  fill="currentColor"
                  fill-rule="evenodd"
                  opacity=".9"
                  xlink:href="#icon-search_svg__a"
                />
              </svg>
            </span>
          </div>
          <input
            class="text-field form-control"
            name="search"
            placeholder="Search for anything..."
            type="text"
            value=""
          />
        </div>,
        "key": undefined,
        "nodeType": "host",
        "props": Object {
          "children": Array [
            <div
              className="input-group-prepends"
            >
              <span
                className="nav-magnifier"
              >
                <search />
              </span>
            </div>,
            <InputField
              classNames="text-field form-control"
              defaultValue=""
              handleChange={[Function]}
              handleFocus={[Function]}
              name="search"
              placeholderText="Search for anything..."
              type="text"
            />,
          ],
          "className": "input-group address-input-section feed-address-input-section d-inline-flex ml-3",
        },
        "ref": null,
        "rendered": Array [
          Object {
            "instance": <div
              class="input-group-prepends"
            >
              <span
                class="nav-magnifier"
              >
                <svg
                  class="magnifier"
                  height="16"
                  viewBox="0 0 16 16"
                  width="16"
                >
                  <defs>
                    <path
                      d="M11.75 10.335l3.32 3.322-1.413 1.414-3.322-3.32A6.48 6.48 0 0 1 6.5 13a6.5 6.5 0 1 1 5.25-2.665zM6.5 11a4.5 4.5 0 1 0 0-9 4.5 4.5 0 0 0 0 9z"
                      id="icon-search_svg__a"
                    />
                  </defs>
                  <use
                    fill="currentColor"
                    fill-rule="evenodd"
                    opacity=".9"
                    xlink:href="#icon-search_svg__a"
                  />
                </svg>
              </span>
            </div>,
            "key": undefined,
            "nodeType": "host",
            "props": Object {
              "children": <span
                className="nav-magnifier"
              >
                <search />
              </span>,
              "className": "input-group-prepends",
            },
            "ref": null,
            "rendered": Array [
              Object {
                "instance": <span
                  class="nav-magnifier"
                >
                  <svg
                    class="magnifier"
                    height="16"
                    viewBox="0 0 16 16"
                    width="16"
                  >
                    <defs>
                      <path
                        d="M11.75 10.335l3.32 3.322-1.413 1.414-3.322-3.32A6.48 6.48 0 0 1 6.5 13a6.5 6.5 0 1 1 5.25-2.665zM6.5 11a4.5 4.5 0 1 0 0-9 4.5 4.5 0 0 0 0 9z"
                        id="icon-search_svg__a"
                      />
                    </defs>
                    <use
                      fill="currentColor"
                      fill-rule="evenodd"
                      opacity=".9"
                      xlink:href="#icon-search_svg__a"
                    />
                  </svg>
                </span>,
                "key": undefined,
                "nodeType": "host",
                "props": Object {
                  "children": <search />,
                  "className": "nav-magnifier",
                },
                "ref": null,
                "rendered": Array [
                  Object {
                    "instance": null,
                    "key": undefined,
                    "nodeType": "function",
                    "props": Object {},
                    "ref": null,
                    "rendered": Object {
                      "instance": <svg
                        class="magnifier"
                        height="16"
                        viewBox="0 0 16 16"
                        width="16"
                      >
                        <defs>
                          <path
                            d="M11.75 10.335l3.32 3.322-1.413 1.414-3.322-3.32A6.48 6.48 0 0 1 6.5 13a6.5 6.5 0 1 1 5.25-2.665zM6.5 11a4.5 4.5 0 1 0 0-9 4.5 4.5 0 0 0 0 9z"
                            id="icon-search_svg__a"
                          />
                        </defs>
                        <use
                          fill="currentColor"
                          fill-rule="evenodd"
                          opacity=".9"
                          xlink:href="#icon-search_svg__a"
                        />
                      </svg>,
                      "key": undefined,
                      "nodeType": "host",
                      "props": Object {
                        "children": Array [
                          <defs>
                            <path
                              d="M11.75 10.335l3.32 3.322-1.413 1.414-3.322-3.32A6.48 6.48 0 0 1 6.5 13a6.5 6.5 0 1 1 5.25-2.665zM6.5 11a4.5 4.5 0 1 0 0-9 4.5 4.5 0 0 0 0 9z"
                              id="icon-search_svg__a"
                            />
                          </defs>,
                          <use
                            fill="currentColor"
                            fillRule="evenodd"
                            opacity=".9"
                            xlinkHref="#icon-search_svg__a"
                          />,
                        ],
                        "className": "magnifier",
                        "height": "16",
                        "viewBox": "0 0 16 16",
                        "width": "16",
                      },
                      "ref": null,
                      "rendered": Array [
                        Object {
                          "instance": <defs>
                            <path
                              d="M11.75 10.335l3.32 3.322-1.413 1.414-3.322-3.32A6.48 6.48 0 0 1 6.5 13a6.5 6.5 0 1 1 5.25-2.665zM6.5 11a4.5 4.5 0 1 0 0-9 4.5 4.5 0 0 0 0 9z"
                              id="icon-search_svg__a"
                            />
                          </defs>,
                          "key": undefined,
                          "nodeType": "host",
                          "props": Object {
                            "children": <path
                              d="M11.75 10.335l3.32 3.322-1.413 1.414-3.322-3.32A6.48 6.48 0 0 1 6.5 13a6.5 6.5 0 1 1 5.25-2.665zM6.5 11a4.5 4.5 0 1 0 0-9 4.5 4.5 0 0 0 0 9z"
                              id="icon-search_svg__a"
                            />,
                          },
                          "ref": null,
                          "rendered": Array [
                            Object {
                              "instance": <path
                                d="M11.75 10.335l3.32 3.322-1.413 1.414-3.322-3.32A6.48 6.48 0 0 1 6.5 13a6.5 6.5 0 1 1 5.25-2.665zM6.5 11a4.5 4.5 0 1 0 0-9 4.5 4.5 0 0 0 0 9z"
                                id="icon-search_svg__a"
                              />,
                              "key": undefined,
                              "nodeType": "host",
                              "props": Object {
                                "d": "M11.75 10.335l3.32 3.322-1.413 1.414-3.322-3.32A6.48 6.48 0 0 1 6.5 13a6.5 6.5 0 1 1 5.25-2.665zM6.5 11a4.5 4.5 0 1 0 0-9 4.5 4.5 0 0 0 0 9z",
                                "id": "icon-search_svg__a",
                              },
                              "ref": null,
                              "rendered": Array [
                                undefined,
                              ],
                              "type": "path",
                            },
                          ],
                          "type": "defs",
                        },
                        Object {
                          "instance": <use
                            fill="currentColor"
                            fill-rule="evenodd"
                            opacity=".9"
                            xlink:href="#icon-search_svg__a"
                          />,
                          "key": undefined,
                          "nodeType": "host",
                          "props": Object {
                            "fill": "currentColor",
                            "fillRule": "evenodd",
                            "opacity": ".9",
                            "xlinkHref": "#icon-search_svg__a",
                          },
                          "ref": null,
                          "rendered": Array [
                            undefined,
                          ],
                          "type": "use",
                        },
                      ],
                      "type": "svg",
                    },
                    "type": [Function],
                  },
                ],
                "type": "span",
              },
            ],
            "type": "div",
          },
          Object {
            "instance": null,
            "key": undefined,
            "nodeType": "function",
            "props": Object {
              "classNames": "text-field form-control",
              "defaultValue": "",
              "handleChange": [Function],
              "handleFocus": [Function],
              "name": "search",
              "placeholderText": "Search for anything...",
              "type": "text",
            },
            "ref": null,
            "rendered": Object {
              "instance": <input
                class="text-field form-control"
                name="search"
                placeholder="Search for anything..."
                type="text"
                value=""
              />,
              "key": undefined,
              "nodeType": "host",
              "props": Object {
                "className": "text-field form-control",
                "defaultValue": "",
                "name": "search",
                "onChange": [Function],
                "onFocus": [Function],
                "placeholder": "Search for anything...",
                "type": "text",
              },
              "ref": null,
              "rendered": Array [
                undefined,
              ],
              "type": "input",
            },
            "type": [Function],
          },
        ],
        "type": "div",
      },
      "type": [Function],
    },
  ],
  Symbol(enzyme.__options__): Object {
    "adapter": ReactSixteenAdapter {
      "options": Object {
        "enableComponentDidUpdateOnSetState": true,
        "legacyContextMode": "parent",
        "lifecycles": Object {
          "componentDidUpdate": Object {
            "onSetState": true,
          },
          "getChildContext": Object {
            "calledByRenderer": false,
          },
          "getDerivedStateFromProps": true,
          "getSnapshotBeforeUpdate": true,
          "setState": Object {
            "skipsComponentDidUpdateOnNullish": true,
          },
        },
      },
    },
  },
}
`;
