// Jest Snapshot v1, https://goo.gl/fbAQLP

exports[`Area to explore component renders properly 1`] = `
ReactWrapper {
  Symbol(enzyme.__unrendered__): <CheckBox />,
  Symbol(enzyme.__renderer__): Object {
    "batchedUpdates": [Function],
    "getNode": [Function],
    "render": [Function],
    "simulateError": [Function],
    "simulateEvent": [Function],
    "unmount": [Function],
  },
  Symbol(enzyme.__root__): [Circular],
  Symbol(enzyme.__node__): Object {
    "instance": null,
    "key": undefined,
    "nodeType": "function",
    "props": Object {},
    "ref": null,
    "rendered": Object {
      "instance": <div
        aria-pressed="false"
        class="onfocus text-center"
        role="button"
        tabindex="0"
      >
        <label
          class="checkbox-container"
          for="makeAsDefault"
        >
          Make default payment method
          <input
            class="check"
            type="checkbox"
          />
          <span
            class="checkmark"
          />
        </label>
      </div>,
      "key": undefined,
      "nodeType": "host",
      "props": Object {
        "aria-pressed": "false",
        "children": <label
          className="checkbox-container"
          htmlFor="makeAsDefault"
        >
          Make default payment method
          <InputField
            classNames="check"
            handleChange={[Function]}
            handleClick={[Function]}
            handleFocus={[Function]}
            id="makeAsDefault"
            inputElement={
              Object {
                "checked": false,
              }
            }
            type="checkbox"
          />
          <span
            className="checkmark"
          />
        </label>,
        "className": "onfocus text-center",
        "onClick": [Function],
        "role": "button",
        "tabIndex": "0",
      },
      "ref": null,
      "rendered": Array [
        Object {
          "instance": <label
            class="checkbox-container"
            for="makeAsDefault"
          >
            Make default payment method
            <input
              class="check"
              type="checkbox"
            />
            <span
              class="checkmark"
            />
          </label>,
          "key": undefined,
          "nodeType": "host",
          "props": Object {
            "children": Array [
              "Make default payment method",
              <InputField
                classNames="check"
                handleChange={[Function]}
                handleClick={[Function]}
                handleFocus={[Function]}
                id="makeAsDefault"
                inputElement={
                  Object {
                    "checked": false,
                  }
                }
                type="checkbox"
              />,
              <span
                className="checkmark"
              />,
            ],
            "className": "checkbox-container",
            "htmlFor": "makeAsDefault",
          },
          "ref": null,
          "rendered": Array [
            "Make default payment method",
            Object {
              "instance": null,
              "key": undefined,
              "nodeType": "function",
              "props": Object {
                "classNames": "check",
                "handleChange": [Function],
                "handleClick": [Function],
                "handleFocus": [Function],
                "id": "makeAsDefault",
                "inputElement": Object {
                  "checked": false,
                },
                "type": "checkbox",
              },
              "ref": null,
              "rendered": Object {
                "instance": <input
                  class="check"
                  type="checkbox"
                />,
                "key": undefined,
                "nodeType": "host",
                "props": Object {
                  "checked": false,
                  "className": "check",
                  "name": undefined,
                  "onChange": [Function],
                  "onFocus": [Function],
                  "placeholder": undefined,
                  "type": "checkbox",
                },
                "ref": null,
                "rendered": Array [
                  undefined,
                ],
                "type": "input",
              },
              "type": [Function],
            },
            Object {
              "instance": <span
                class="checkmark"
              />,
              "key": undefined,
              "nodeType": "host",
              "props": Object {
                "className": "checkmark",
              },
              "ref": null,
              "rendered": Array [
                undefined,
              ],
              "type": "span",
            },
          ],
          "type": "label",
        },
      ],
      "type": "div",
    },
    "type": [Function],
  },
  Symbol(enzyme.__nodes__): Array [
    Object {
      "instance": null,
      "key": undefined,
      "nodeType": "function",
      "props": Object {},
      "ref": null,
      "rendered": Object {
        "instance": <div
          aria-pressed="false"
          class="onfocus text-center"
          role="button"
          tabindex="0"
        >
          <label
            class="checkbox-container"
            for="makeAsDefault"
          >
            Make default payment method
            <input
              class="check"
              type="checkbox"
            />
            <span
              class="checkmark"
            />
          </label>
        </div>,
        "key": undefined,
        "nodeType": "host",
        "props": Object {
          "aria-pressed": "false",
          "children": <label
            className="checkbox-container"
            htmlFor="makeAsDefault"
          >
            Make default payment method
            <InputField
              classNames="check"
              handleChange={[Function]}
              handleClick={[Function]}
              handleFocus={[Function]}
              id="makeAsDefault"
              inputElement={
                Object {
                  "checked": false,
                }
              }
              type="checkbox"
            />
            <span
              className="checkmark"
            />
          </label>,
          "className": "onfocus text-center",
          "onClick": [Function],
          "role": "button",
          "tabIndex": "0",
        },
        "ref": null,
        "rendered": Array [
          Object {
            "instance": <label
              class="checkbox-container"
              for="makeAsDefault"
            >
              Make default payment method
              <input
                class="check"
                type="checkbox"
              />
              <span
                class="checkmark"
              />
            </label>,
            "key": undefined,
            "nodeType": "host",
            "props": Object {
              "children": Array [
                "Make default payment method",
                <InputField
                  classNames="check"
                  handleChange={[Function]}
                  handleClick={[Function]}
                  handleFocus={[Function]}
                  id="makeAsDefault"
                  inputElement={
                    Object {
                      "checked": false,
                    }
                  }
                  type="checkbox"
                />,
                <span
                  className="checkmark"
                />,
              ],
              "className": "checkbox-container",
              "htmlFor": "makeAsDefault",
            },
            "ref": null,
            "rendered": Array [
              "Make default payment method",
              Object {
                "instance": null,
                "key": undefined,
                "nodeType": "function",
                "props": Object {
                  "classNames": "check",
                  "handleChange": [Function],
                  "handleClick": [Function],
                  "handleFocus": [Function],
                  "id": "makeAsDefault",
                  "inputElement": Object {
                    "checked": false,
                  },
                  "type": "checkbox",
                },
                "ref": null,
                "rendered": Object {
                  "instance": <input
                    class="check"
                    type="checkbox"
                  />,
                  "key": undefined,
                  "nodeType": "host",
                  "props": Object {
                    "checked": false,
                    "className": "check",
                    "name": undefined,
                    "onChange": [Function],
                    "onFocus": [Function],
                    "placeholder": undefined,
                    "type": "checkbox",
                  },
                  "ref": null,
                  "rendered": Array [
                    undefined,
                  ],
                  "type": "input",
                },
                "type": [Function],
              },
              Object {
                "instance": <span
                  class="checkmark"
                />,
                "key": undefined,
                "nodeType": "host",
                "props": Object {
                  "className": "checkmark",
                },
                "ref": null,
                "rendered": Array [
                  undefined,
                ],
                "type": "span",
              },
            ],
            "type": "label",
          },
        ],
        "type": "div",
      },
      "type": [Function],
    },
  ],
  Symbol(enzyme.__options__): Object {
    "adapter": ReactSixteenAdapter {
      "options": Object {
        "enableComponentDidUpdateOnSetState": true,
        "legacyContextMode": "parent",
        "lifecycles": Object {
          "componentDidUpdate": Object {
            "onSetState": true,
          },
          "getChildContext": Object {
            "calledByRenderer": false,
          },
          "getDerivedStateFromProps": true,
          "getSnapshotBeforeUpdate": true,
          "setState": Object {
            "skipsComponentDidUpdateOnNullish": true,
          },
        },
      },
    },
  },
}
`;
