// Jest Snapshot v1, https://goo.gl/fbAQLP

exports[`Area to explore component renders properly 1`] = `
Object {
  "asFragment": [Function],
  "baseElement": <body>
    <div>
      <div
        class="mb-2 mt-4"
      >
        <h1
          class="font-size-36 px-3 px-md-3 px-lg-0"
        >
          Checkout
        </h1>
        <div
          class="col-md-12 col-lg-6 p-0 mb-4 mt-4 height-50"
        >
          <div
            class="btn-group"
            role="group"
          >
            <button
              class="btn-delivery "
              type="button"
            >
              delivery
            </button>
            <button
              class="btn-pickup delivery-mode-active"
              type="button"
            >
              pickup
            </button>
          </div>
        </div>
        <div
          class="demarcation"
        />
        <section
          class="px-3 px-md-3 px-lg-0 mb-2 mt-4"
        >
          <h2
            class="font-size-16"
          >
            Pickup Address
          </h2>
          <ul
            class="list-group mt-4 time"
          >
            <li
              class="list-group-item"
            >
              801 Mission St., San Francisco (1.0 mi)
            </li>
          </ul>
        </section>
        <section
          class="px-3 px-md-3 px-lg-0 mb-2 mt-4"
        >
          <h2
            class="font-size-16"
          >
            Pickup time
          </h2>
          <ul
            class="list-group mt-4 time"
          >
            <li
              class="list-group-item"
            >
              Ready in 20 min
            </li>
          </ul>
        </section>
      </div>
    </div>
  </body>,
  "container": <div>
    <div
      class="mb-2 mt-4"
    >
      <h1
        class="font-size-36 px-3 px-md-3 px-lg-0"
      >
        Checkout
      </h1>
      <div
        class="col-md-12 col-lg-6 p-0 mb-4 mt-4 height-50"
      >
        <div
          class="btn-group"
          role="group"
        >
          <button
            class="btn-delivery "
            type="button"
          >
            delivery
          </button>
          <button
            class="btn-pickup delivery-mode-active"
            type="button"
          >
            pickup
          </button>
        </div>
      </div>
      <div
        class="demarcation"
      />
      <section
        class="px-3 px-md-3 px-lg-0 mb-2 mt-4"
      >
        <h2
          class="font-size-16"
        >
          Pickup Address
        </h2>
        <ul
          class="list-group mt-4 time"
        >
          <li
            class="list-group-item"
          >
            801 Mission St., San Francisco (1.0 mi)
          </li>
        </ul>
      </section>
      <section
        class="px-3 px-md-3 px-lg-0 mb-2 mt-4"
      >
        <h2
          class="font-size-16"
        >
          Pickup time
        </h2>
        <ul
          class="list-group mt-4 time"
        >
          <li
            class="list-group-item"
          >
            Ready in 20 min
          </li>
        </ul>
      </section>
    </div>
  </div>,
  "debug": [Function],
  "findAllByAltText": [Function],
  "findAllByDisplayValue": [Function],
  "findAllByLabelText": [Function],
  "findAllByPlaceholderText": [Function],
  "findAllByRole": [Function],
  "findAllByTestId": [Function],
  "findAllByText": [Function],
  "findAllByTitle": [Function],
  "findByAltText": [Function],
  "findByDisplayValue": [Function],
  "findByLabelText": [Function],
  "findByPlaceholderText": [Function],
  "findByRole": [Function],
  "findByTestId": [Function],
  "findByText": [Function],
  "findByTitle": [Function],
  "getAllByAltText": [Function],
  "getAllByDisplayValue": [Function],
  "getAllByLabelText": [Function],
  "getAllByPlaceholderText": [Function],
  "getAllByRole": [Function],
  "getAllBySelectText": [Function],
  "getAllByTestId": [Function],
  "getAllByText": [Function],
  "getAllByTitle": [Function],
  "getAllByValue": [Function],
  "getByAltText": [Function],
  "getByDisplayValue": [Function],
  "getByLabelText": [Function],
  "getByPlaceholderText": [Function],
  "getByRole": [Function],
  "getBySelectText": [Function],
  "getByTestId": [Function],
  "getByText": [Function],
  "getByTitle": [Function],
  "getByValue": [Function],
  "queryAllByAltText": [Function],
  "queryAllByDisplayValue": [Function],
  "queryAllByLabelText": [Function],
  "queryAllByPlaceholderText": [Function],
  "queryAllByRole": [Function],
  "queryAllBySelectText": [Function],
  "queryAllByTestId": [Function],
  "queryAllByText": [Function],
  "queryAllByTitle": [Function],
  "queryAllByValue": [Function],
  "queryByAltText": [Function],
  "queryByDisplayValue": [Function],
  "queryByLabelText": [Function],
  "queryByPlaceholderText": [Function],
  "queryByRole": [Function],
  "queryBySelectText": [Function],
  "queryByTestId": [Function],
  "queryByText": [Function],
  "queryByTitle": [Function],
  "queryByValue": [Function],
  "rerender": [Function],
  "unmount": [Function],
}
`;
