// Jest Snapshot v1, https://goo.gl/fbAQLP

exports[`Search Location renders properly 1`] = `
ReactWrapper {
  Symbol(enzyme.__unrendered__): <SearchLocation />,
  Symbol(enzyme.__renderer__): Object {
    "batchedUpdates": [Function],
    "getNode": [Function],
    "render": [Function],
    "simulateError": [Function],
    "simulateEvent": [Function],
    "unmount": [Function],
  },
  Symbol(enzyme.__root__): [Circular],
  Symbol(enzyme.__node__): Object {
    "instance": null,
    "key": undefined,
    "nodeType": "function",
    "props": Object {},
    "ref": null,
    "rendered": Object {
      "instance": <div>
        <div
          class="input-group address-input-section"
        >
          <div
            class="input-group-prepend"
          >
            <span
              class="input-group-text location-marker"
            >
              <svg
                height="17"
                width="14"
              >
                <g
                  fill="none"
                  fill-rule="evenodd"
                >
                  <path
                    d="M7 10a3 3 0 1 1 0-6 3 3 0 0 1 0 6zm0-1a2 2 0 1 0 0-4 2 2 0 0 0 0 4z"
                    fill="#8F95A3"
                  />
                  <path
                    d="M7 16.362c4.35-3.483 6.5-6.616 6.5-9.362C13.5 3.324 10.638.5 7 .5A6.5 6.5 0 0 0 .5 7c0 2.746 2.15 5.879 6.5 9.362z"
                    stroke="#8F95A3"
                  />
                </g>
              </svg>
            </span>
          </div>
          <input
            class="text-field form-control"
            name="search"
            placeholder="Enter your address..."
            type="text"
          />
          <div
            class="input-group-append"
          >
            <span
              class="input-group-text button-search"
            >
              <svg
                class="chevron-right-icon"
                height="24"
                viewBox="0 0 24 24"
                width="24"
              >
                <defs>
                  <path
                    d="M8.5 7.5L13 12l-4.5 4.5L10 18l6-6-6-6z"
                    id="icon-chevron_svg__a"
                  />
                </defs>
                <use
                  fill="currentColor"
                  fill-rule="evenodd"
                  xlink:href="#icon-chevron_svg__a"
                />
              </svg>
            </span>
          </div>
        </div>
        <div
          class="dropdown-suggestion"
        />
      </div>,
      "key": undefined,
      "nodeType": "host",
      "props": Object {
        "children": Array [
          <div
            className="input-group address-input-section"
            style={
              Object {
                "border": "1 px solid #eceff1",
              }
            }
          >
            <div
              className="input-group-prepend"
            >
              <span
                className="input-group-text location-marker"
              >
                <MapMarker />
              </span>
            </div>
            <InputField
              classNames="text-field form-control"
              handleChange={[Function]}
              handleFocus={[Function]}
              inputElement=""
              name="search"
              placeholderText="Enter your address..."
              type="text"
            />
            <div
              className="input-group-append"
            >
              <span
                className="input-group-text button-search"
              >
                <ChevronRight />
              </span>
            </div>
          </div>,
          <div
            className="dropdown-suggestion"
          />,
        ],
      },
      "ref": [Function],
      "rendered": Array [
        Object {
          "instance": <div
            class="input-group address-input-section"
          >
            <div
              class="input-group-prepend"
            >
              <span
                class="input-group-text location-marker"
              >
                <svg
                  height="17"
                  width="14"
                >
                  <g
                    fill="none"
                    fill-rule="evenodd"
                  >
                    <path
                      d="M7 10a3 3 0 1 1 0-6 3 3 0 0 1 0 6zm0-1a2 2 0 1 0 0-4 2 2 0 0 0 0 4z"
                      fill="#8F95A3"
                    />
                    <path
                      d="M7 16.362c4.35-3.483 6.5-6.616 6.5-9.362C13.5 3.324 10.638.5 7 .5A6.5 6.5 0 0 0 .5 7c0 2.746 2.15 5.879 6.5 9.362z"
                      stroke="#8F95A3"
                    />
                  </g>
                </svg>
              </span>
            </div>
            <input
              class="text-field form-control"
              name="search"
              placeholder="Enter your address..."
              type="text"
            />
            <div
              class="input-group-append"
            >
              <span
                class="input-group-text button-search"
              >
                <svg
                  class="chevron-right-icon"
                  height="24"
                  viewBox="0 0 24 24"
                  width="24"
                >
                  <defs>
                    <path
                      d="M8.5 7.5L13 12l-4.5 4.5L10 18l6-6-6-6z"
                      id="icon-chevron_svg__a"
                    />
                  </defs>
                  <use
                    fill="currentColor"
                    fill-rule="evenodd"
                    xlink:href="#icon-chevron_svg__a"
                  />
                </svg>
              </span>
            </div>
          </div>,
          "key": undefined,
          "nodeType": "host",
          "props": Object {
            "children": Array [
              <div
                className="input-group-prepend"
              >
                <span
                  className="input-group-text location-marker"
                >
                  <MapMarker />
                </span>
              </div>,
              <InputField
                classNames="text-field form-control"
                handleChange={[Function]}
                handleFocus={[Function]}
                inputElement=""
                name="search"
                placeholderText="Enter your address..."
                type="text"
              />,
              <div
                className="input-group-append"
              >
                <span
                  className="input-group-text button-search"
                >
                  <ChevronRight />
                </span>
              </div>,
            ],
            "className": "input-group address-input-section",
            "style": Object {
              "border": "1 px solid #eceff1",
            },
          },
          "ref": null,
          "rendered": Array [
            Object {
              "instance": <div
                class="input-group-prepend"
              >
                <span
                  class="input-group-text location-marker"
                >
                  <svg
                    height="17"
                    width="14"
                  >
                    <g
                      fill="none"
                      fill-rule="evenodd"
                    >
                      <path
                        d="M7 10a3 3 0 1 1 0-6 3 3 0 0 1 0 6zm0-1a2 2 0 1 0 0-4 2 2 0 0 0 0 4z"
                        fill="#8F95A3"
                      />
                      <path
                        d="M7 16.362c4.35-3.483 6.5-6.616 6.5-9.362C13.5 3.324 10.638.5 7 .5A6.5 6.5 0 0 0 .5 7c0 2.746 2.15 5.879 6.5 9.362z"
                        stroke="#8F95A3"
                      />
                    </g>
                  </svg>
                </span>
              </div>,
              "key": undefined,
              "nodeType": "host",
              "props": Object {
                "children": <span
                  className="input-group-text location-marker"
                >
                  <MapMarker />
                </span>,
                "className": "input-group-prepend",
              },
              "ref": null,
              "rendered": Array [
                Object {
                  "instance": <span
                    class="input-group-text location-marker"
                  >
                    <svg
                      height="17"
                      width="14"
                    >
                      <g
                        fill="none"
                        fill-rule="evenodd"
                      >
                        <path
                          d="M7 10a3 3 0 1 1 0-6 3 3 0 0 1 0 6zm0-1a2 2 0 1 0 0-4 2 2 0 0 0 0 4z"
                          fill="#8F95A3"
                        />
                        <path
                          d="M7 16.362c4.35-3.483 6.5-6.616 6.5-9.362C13.5 3.324 10.638.5 7 .5A6.5 6.5 0 0 0 .5 7c0 2.746 2.15 5.879 6.5 9.362z"
                          stroke="#8F95A3"
                        />
                      </g>
                    </svg>
                  </span>,
                  "key": undefined,
                  "nodeType": "host",
                  "props": Object {
                    "children": <MapMarker />,
                    "className": "input-group-text location-marker",
                  },
                  "ref": null,
                  "rendered": Array [
                    Object {
                      "instance": null,
                      "key": undefined,
                      "nodeType": "function",
                      "props": Object {},
                      "ref": null,
                      "rendered": Object {
                        "instance": <svg
                          height="17"
                          width="14"
                        >
                          <g
                            fill="none"
                            fill-rule="evenodd"
                          >
                            <path
                              d="M7 10a3 3 0 1 1 0-6 3 3 0 0 1 0 6zm0-1a2 2 0 1 0 0-4 2 2 0 0 0 0 4z"
                              fill="#8F95A3"
                            />
                            <path
                              d="M7 16.362c4.35-3.483 6.5-6.616 6.5-9.362C13.5 3.324 10.638.5 7 .5A6.5 6.5 0 0 0 .5 7c0 2.746 2.15 5.879 6.5 9.362z"
                              stroke="#8F95A3"
                            />
                          </g>
                        </svg>,
                        "key": undefined,
                        "nodeType": "host",
                        "props": Object {
                          "children": <g
                            fill="none"
                            fillRule="evenodd"
                          >
                            <path
                              d="M7 10a3 3 0 1 1 0-6 3 3 0 0 1 0 6zm0-1a2 2 0 1 0 0-4 2 2 0 0 0 0 4z"
                              fill="#8F95A3"
                            />
                            <path
                              d="M7 16.362c4.35-3.483 6.5-6.616 6.5-9.362C13.5 3.324 10.638.5 7 .5A6.5 6.5 0 0 0 .5 7c0 2.746 2.15 5.879 6.5 9.362z"
                              stroke="#8F95A3"
                            />
                          </g>,
                          "height": "17",
                          "width": "14",
                        },
                        "ref": null,
                        "rendered": Array [
                          Object {
                            "instance": <g
                              fill="none"
                              fill-rule="evenodd"
                            >
                              <path
                                d="M7 10a3 3 0 1 1 0-6 3 3 0 0 1 0 6zm0-1a2 2 0 1 0 0-4 2 2 0 0 0 0 4z"
                                fill="#8F95A3"
                              />
                              <path
                                d="M7 16.362c4.35-3.483 6.5-6.616 6.5-9.362C13.5 3.324 10.638.5 7 .5A6.5 6.5 0 0 0 .5 7c0 2.746 2.15 5.879 6.5 9.362z"
                                stroke="#8F95A3"
                              />
                            </g>,
                            "key": undefined,
                            "nodeType": "host",
                            "props": Object {
                              "children": Array [
                                <path
                                  d="M7 10a3 3 0 1 1 0-6 3 3 0 0 1 0 6zm0-1a2 2 0 1 0 0-4 2 2 0 0 0 0 4z"
                                  fill="#8F95A3"
                                />,
                                <path
                                  d="M7 16.362c4.35-3.483 6.5-6.616 6.5-9.362C13.5 3.324 10.638.5 7 .5A6.5 6.5 0 0 0 .5 7c0 2.746 2.15 5.879 6.5 9.362z"
                                  stroke="#8F95A3"
                                />,
                              ],
                              "fill": "none",
                              "fillRule": "evenodd",
                            },
                            "ref": null,
                            "rendered": Array [
                              Object {
                                "instance": <path
                                  d="M7 10a3 3 0 1 1 0-6 3 3 0 0 1 0 6zm0-1a2 2 0 1 0 0-4 2 2 0 0 0 0 4z"
                                  fill="#8F95A3"
                                />,
                                "key": undefined,
                                "nodeType": "host",
                                "props": Object {
                                  "d": "M7 10a3 3 0 1 1 0-6 3 3 0 0 1 0 6zm0-1a2 2 0 1 0 0-4 2 2 0 0 0 0 4z",
                                  "fill": "#8F95A3",
                                },
                                "ref": null,
                                "rendered": Array [
                                  undefined,
                                ],
                                "type": "path",
                              },
                              Object {
                                "instance": <path
                                  d="M7 16.362c4.35-3.483 6.5-6.616 6.5-9.362C13.5 3.324 10.638.5 7 .5A6.5 6.5 0 0 0 .5 7c0 2.746 2.15 5.879 6.5 9.362z"
                                  stroke="#8F95A3"
                                />,
                                "key": undefined,
                                "nodeType": "host",
                                "props": Object {
                                  "d": "M7 16.362c4.35-3.483 6.5-6.616 6.5-9.362C13.5 3.324 10.638.5 7 .5A6.5 6.5 0 0 0 .5 7c0 2.746 2.15 5.879 6.5 9.362z",
                                  "stroke": "#8F95A3",
                                },
                                "ref": null,
                                "rendered": Array [
                                  undefined,
                                ],
                                "type": "path",
                              },
                            ],
                            "type": "g",
                          },
                        ],
                        "type": "svg",
                      },
                      "type": [Function],
                    },
                  ],
                  "type": "span",
                },
              ],
              "type": "div",
            },
            Object {
              "instance": null,
              "key": undefined,
              "nodeType": "function",
              "props": Object {
                "classNames": "text-field form-control",
                "handleChange": [Function],
                "handleFocus": [Function],
                "inputElement": "",
                "name": "search",
                "placeholderText": "Enter your address...",
                "type": "text",
              },
              "ref": null,
              "rendered": Object {
                "instance": <input
                  class="text-field form-control"
                  name="search"
                  placeholder="Enter your address..."
                  type="text"
                />,
                "key": undefined,
                "nodeType": "host",
                "props": Object {
                  "className": "text-field form-control",
                  "name": "search",
                  "onChange": [Function],
                  "onFocus": [Function],
                  "placeholder": "Enter your address...",
                  "type": "text",
                },
                "ref": null,
                "rendered": Array [
                  undefined,
                ],
                "type": "input",
              },
              "type": [Function],
            },
            Object {
              "instance": <div
                class="input-group-append"
              >
                <span
                  class="input-group-text button-search"
                >
                  <svg
                    class="chevron-right-icon"
                    height="24"
                    viewBox="0 0 24 24"
                    width="24"
                  >
                    <defs>
                      <path
                        d="M8.5 7.5L13 12l-4.5 4.5L10 18l6-6-6-6z"
                        id="icon-chevron_svg__a"
                      />
                    </defs>
                    <use
                      fill="currentColor"
                      fill-rule="evenodd"
                      xlink:href="#icon-chevron_svg__a"
                    />
                  </svg>
                </span>
              </div>,
              "key": undefined,
              "nodeType": "host",
              "props": Object {
                "children": <span
                  className="input-group-text button-search"
                >
                  <ChevronRight />
                </span>,
                "className": "input-group-append",
              },
              "ref": null,
              "rendered": Array [
                Object {
                  "instance": <span
                    class="input-group-text button-search"
                  >
                    <svg
                      class="chevron-right-icon"
                      height="24"
                      viewBox="0 0 24 24"
                      width="24"
                    >
                      <defs>
                        <path
                          d="M8.5 7.5L13 12l-4.5 4.5L10 18l6-6-6-6z"
                          id="icon-chevron_svg__a"
                        />
                      </defs>
                      <use
                        fill="currentColor"
                        fill-rule="evenodd"
                        xlink:href="#icon-chevron_svg__a"
                      />
                    </svg>
                  </span>,
                  "key": undefined,
                  "nodeType": "host",
                  "props": Object {
                    "children": <ChevronRight />,
                    "className": "input-group-text button-search",
                  },
                  "ref": null,
                  "rendered": Array [
                    Object {
                      "instance": null,
                      "key": undefined,
                      "nodeType": "function",
                      "props": Object {},
                      "ref": null,
                      "rendered": Object {
                        "instance": <svg
                          class="chevron-right-icon"
                          height="24"
                          viewBox="0 0 24 24"
                          width="24"
                        >
                          <defs>
                            <path
                              d="M8.5 7.5L13 12l-4.5 4.5L10 18l6-6-6-6z"
                              id="icon-chevron_svg__a"
                            />
                          </defs>
                          <use
                            fill="currentColor"
                            fill-rule="evenodd"
                            xlink:href="#icon-chevron_svg__a"
                          />
                        </svg>,
                        "key": undefined,
                        "nodeType": "host",
                        "props": Object {
                          "children": Array [
                            <defs>
                              <path
                                d="M8.5 7.5L13 12l-4.5 4.5L10 18l6-6-6-6z"
                                id="icon-chevron_svg__a"
                              />
                            </defs>,
                            <use
                              fill="currentColor"
                              fillRule="evenodd"
                              xlinkHref="#icon-chevron_svg__a"
                            />,
                          ],
                          "className": "chevron-right-icon",
                          "height": "24",
                          "viewBox": "0 0 24 24",
                          "width": "24",
                        },
                        "ref": null,
                        "rendered": Array [
                          Object {
                            "instance": <defs>
                              <path
                                d="M8.5 7.5L13 12l-4.5 4.5L10 18l6-6-6-6z"
                                id="icon-chevron_svg__a"
                              />
                            </defs>,
                            "key": undefined,
                            "nodeType": "host",
                            "props": Object {
                              "children": <path
                                d="M8.5 7.5L13 12l-4.5 4.5L10 18l6-6-6-6z"
                                id="icon-chevron_svg__a"
                              />,
                            },
                            "ref": null,
                            "rendered": Array [
                              Object {
                                "instance": <path
                                  d="M8.5 7.5L13 12l-4.5 4.5L10 18l6-6-6-6z"
                                  id="icon-chevron_svg__a"
                                />,
                                "key": undefined,
                                "nodeType": "host",
                                "props": Object {
                                  "d": "M8.5 7.5L13 12l-4.5 4.5L10 18l6-6-6-6z",
                                  "id": "icon-chevron_svg__a",
                                },
                                "ref": null,
                                "rendered": Array [
                                  undefined,
                                ],
                                "type": "path",
                              },
                            ],
                            "type": "defs",
                          },
                          Object {
                            "instance": <use
                              fill="currentColor"
                              fill-rule="evenodd"
                              xlink:href="#icon-chevron_svg__a"
                            />,
                            "key": undefined,
                            "nodeType": "host",
                            "props": Object {
                              "fill": "currentColor",
                              "fillRule": "evenodd",
                              "xlinkHref": "#icon-chevron_svg__a",
                            },
                            "ref": null,
                            "rendered": Array [
                              undefined,
                            ],
                            "type": "use",
                          },
                        ],
                        "type": "svg",
                      },
                      "type": [Function],
                    },
                  ],
                  "type": "span",
                },
              ],
              "type": "div",
            },
          ],
          "type": "div",
        },
        Object {
          "instance": <div
            class="dropdown-suggestion"
          />,
          "key": undefined,
          "nodeType": "host",
          "props": Object {
            "children": false,
            "className": "dropdown-suggestion",
          },
          "ref": null,
          "rendered": Array [
            false,
          ],
          "type": "div",
        },
      ],
      "type": "div",
    },
    "type": [Function],
  },
  Symbol(enzyme.__nodes__): Array [
    Object {
      "instance": null,
      "key": undefined,
      "nodeType": "function",
      "props": Object {},
      "ref": null,
      "rendered": Object {
        "instance": <div>
          <div
            class="input-group address-input-section"
          >
            <div
              class="input-group-prepend"
            >
              <span
                class="input-group-text location-marker"
              >
                <svg
                  height="17"
                  width="14"
                >
                  <g
                    fill="none"
                    fill-rule="evenodd"
                  >
                    <path
                      d="M7 10a3 3 0 1 1 0-6 3 3 0 0 1 0 6zm0-1a2 2 0 1 0 0-4 2 2 0 0 0 0 4z"
                      fill="#8F95A3"
                    />
                    <path
                      d="M7 16.362c4.35-3.483 6.5-6.616 6.5-9.362C13.5 3.324 10.638.5 7 .5A6.5 6.5 0 0 0 .5 7c0 2.746 2.15 5.879 6.5 9.362z"
                      stroke="#8F95A3"
                    />
                  </g>
                </svg>
              </span>
            </div>
            <input
              class="text-field form-control"
              name="search"
              placeholder="Enter your address..."
              type="text"
            />
            <div
              class="input-group-append"
            >
              <span
                class="input-group-text button-search"
              >
                <svg
                  class="chevron-right-icon"
                  height="24"
                  viewBox="0 0 24 24"
                  width="24"
                >
                  <defs>
                    <path
                      d="M8.5 7.5L13 12l-4.5 4.5L10 18l6-6-6-6z"
                      id="icon-chevron_svg__a"
                    />
                  </defs>
                  <use
                    fill="currentColor"
                    fill-rule="evenodd"
                    xlink:href="#icon-chevron_svg__a"
                  />
                </svg>
              </span>
            </div>
          </div>
          <div
            class="dropdown-suggestion"
          />
        </div>,
        "key": undefined,
        "nodeType": "host",
        "props": Object {
          "children": Array [
            <div
              className="input-group address-input-section"
              style={
                Object {
                  "border": "1 px solid #eceff1",
                }
              }
            >
              <div
                className="input-group-prepend"
              >
                <span
                  className="input-group-text location-marker"
                >
                  <MapMarker />
                </span>
              </div>
              <InputField
                classNames="text-field form-control"
                handleChange={[Function]}
                handleFocus={[Function]}
                inputElement=""
                name="search"
                placeholderText="Enter your address..."
                type="text"
              />
              <div
                className="input-group-append"
              >
                <span
                  className="input-group-text button-search"
                >
                  <ChevronRight />
                </span>
              </div>
            </div>,
            <div
              className="dropdown-suggestion"
            />,
          ],
        },
        "ref": [Function],
        "rendered": Array [
          Object {
            "instance": <div
              class="input-group address-input-section"
            >
              <div
                class="input-group-prepend"
              >
                <span
                  class="input-group-text location-marker"
                >
                  <svg
                    height="17"
                    width="14"
                  >
                    <g
                      fill="none"
                      fill-rule="evenodd"
                    >
                      <path
                        d="M7 10a3 3 0 1 1 0-6 3 3 0 0 1 0 6zm0-1a2 2 0 1 0 0-4 2 2 0 0 0 0 4z"
                        fill="#8F95A3"
                      />
                      <path
                        d="M7 16.362c4.35-3.483 6.5-6.616 6.5-9.362C13.5 3.324 10.638.5 7 .5A6.5 6.5 0 0 0 .5 7c0 2.746 2.15 5.879 6.5 9.362z"
                        stroke="#8F95A3"
                      />
                    </g>
                  </svg>
                </span>
              </div>
              <input
                class="text-field form-control"
                name="search"
                placeholder="Enter your address..."
                type="text"
              />
              <div
                class="input-group-append"
              >
                <span
                  class="input-group-text button-search"
                >
                  <svg
                    class="chevron-right-icon"
                    height="24"
                    viewBox="0 0 24 24"
                    width="24"
                  >
                    <defs>
                      <path
                        d="M8.5 7.5L13 12l-4.5 4.5L10 18l6-6-6-6z"
                        id="icon-chevron_svg__a"
                      />
                    </defs>
                    <use
                      fill="currentColor"
                      fill-rule="evenodd"
                      xlink:href="#icon-chevron_svg__a"
                    />
                  </svg>
                </span>
              </div>
            </div>,
            "key": undefined,
            "nodeType": "host",
            "props": Object {
              "children": Array [
                <div
                  className="input-group-prepend"
                >
                  <span
                    className="input-group-text location-marker"
                  >
                    <MapMarker />
                  </span>
                </div>,
                <InputField
                  classNames="text-field form-control"
                  handleChange={[Function]}
                  handleFocus={[Function]}
                  inputElement=""
                  name="search"
                  placeholderText="Enter your address..."
                  type="text"
                />,
                <div
                  className="input-group-append"
                >
                  <span
                    className="input-group-text button-search"
                  >
                    <ChevronRight />
                  </span>
                </div>,
              ],
              "className": "input-group address-input-section",
              "style": Object {
                "border": "1 px solid #eceff1",
              },
            },
            "ref": null,
            "rendered": Array [
              Object {
                "instance": <div
                  class="input-group-prepend"
                >
                  <span
                    class="input-group-text location-marker"
                  >
                    <svg
                      height="17"
                      width="14"
                    >
                      <g
                        fill="none"
                        fill-rule="evenodd"
                      >
                        <path
                          d="M7 10a3 3 0 1 1 0-6 3 3 0 0 1 0 6zm0-1a2 2 0 1 0 0-4 2 2 0 0 0 0 4z"
                          fill="#8F95A3"
                        />
                        <path
                          d="M7 16.362c4.35-3.483 6.5-6.616 6.5-9.362C13.5 3.324 10.638.5 7 .5A6.5 6.5 0 0 0 .5 7c0 2.746 2.15 5.879 6.5 9.362z"
                          stroke="#8F95A3"
                        />
                      </g>
                    </svg>
                  </span>
                </div>,
                "key": undefined,
                "nodeType": "host",
                "props": Object {
                  "children": <span
                    className="input-group-text location-marker"
                  >
                    <MapMarker />
                  </span>,
                  "className": "input-group-prepend",
                },
                "ref": null,
                "rendered": Array [
                  Object {
                    "instance": <span
                      class="input-group-text location-marker"
                    >
                      <svg
                        height="17"
                        width="14"
                      >
                        <g
                          fill="none"
                          fill-rule="evenodd"
                        >
                          <path
                            d="M7 10a3 3 0 1 1 0-6 3 3 0 0 1 0 6zm0-1a2 2 0 1 0 0-4 2 2 0 0 0 0 4z"
                            fill="#8F95A3"
                          />
                          <path
                            d="M7 16.362c4.35-3.483 6.5-6.616 6.5-9.362C13.5 3.324 10.638.5 7 .5A6.5 6.5 0 0 0 .5 7c0 2.746 2.15 5.879 6.5 9.362z"
                            stroke="#8F95A3"
                          />
                        </g>
                      </svg>
                    </span>,
                    "key": undefined,
                    "nodeType": "host",
                    "props": Object {
                      "children": <MapMarker />,
                      "className": "input-group-text location-marker",
                    },
                    "ref": null,
                    "rendered": Array [
                      Object {
                        "instance": null,
                        "key": undefined,
                        "nodeType": "function",
                        "props": Object {},
                        "ref": null,
                        "rendered": Object {
                          "instance": <svg
                            height="17"
                            width="14"
                          >
                            <g
                              fill="none"
                              fill-rule="evenodd"
                            >
                              <path
                                d="M7 10a3 3 0 1 1 0-6 3 3 0 0 1 0 6zm0-1a2 2 0 1 0 0-4 2 2 0 0 0 0 4z"
                                fill="#8F95A3"
                              />
                              <path
                                d="M7 16.362c4.35-3.483 6.5-6.616 6.5-9.362C13.5 3.324 10.638.5 7 .5A6.5 6.5 0 0 0 .5 7c0 2.746 2.15 5.879 6.5 9.362z"
                                stroke="#8F95A3"
                              />
                            </g>
                          </svg>,
                          "key": undefined,
                          "nodeType": "host",
                          "props": Object {
                            "children": <g
                              fill="none"
                              fillRule="evenodd"
                            >
                              <path
                                d="M7 10a3 3 0 1 1 0-6 3 3 0 0 1 0 6zm0-1a2 2 0 1 0 0-4 2 2 0 0 0 0 4z"
                                fill="#8F95A3"
                              />
                              <path
                                d="M7 16.362c4.35-3.483 6.5-6.616 6.5-9.362C13.5 3.324 10.638.5 7 .5A6.5 6.5 0 0 0 .5 7c0 2.746 2.15 5.879 6.5 9.362z"
                                stroke="#8F95A3"
                              />
                            </g>,
                            "height": "17",
                            "width": "14",
                          },
                          "ref": null,
                          "rendered": Array [
                            Object {
                              "instance": <g
                                fill="none"
                                fill-rule="evenodd"
                              >
                                <path
                                  d="M7 10a3 3 0 1 1 0-6 3 3 0 0 1 0 6zm0-1a2 2 0 1 0 0-4 2 2 0 0 0 0 4z"
                                  fill="#8F95A3"
                                />
                                <path
                                  d="M7 16.362c4.35-3.483 6.5-6.616 6.5-9.362C13.5 3.324 10.638.5 7 .5A6.5 6.5 0 0 0 .5 7c0 2.746 2.15 5.879 6.5 9.362z"
                                  stroke="#8F95A3"
                                />
                              </g>,
                              "key": undefined,
                              "nodeType": "host",
                              "props": Object {
                                "children": Array [
                                  <path
                                    d="M7 10a3 3 0 1 1 0-6 3 3 0 0 1 0 6zm0-1a2 2 0 1 0 0-4 2 2 0 0 0 0 4z"
                                    fill="#8F95A3"
                                  />,
                                  <path
                                    d="M7 16.362c4.35-3.483 6.5-6.616 6.5-9.362C13.5 3.324 10.638.5 7 .5A6.5 6.5 0 0 0 .5 7c0 2.746 2.15 5.879 6.5 9.362z"
                                    stroke="#8F95A3"
                                  />,
                                ],
                                "fill": "none",
                                "fillRule": "evenodd",
                              },
                              "ref": null,
                              "rendered": Array [
                                Object {
                                  "instance": <path
                                    d="M7 10a3 3 0 1 1 0-6 3 3 0 0 1 0 6zm0-1a2 2 0 1 0 0-4 2 2 0 0 0 0 4z"
                                    fill="#8F95A3"
                                  />,
                                  "key": undefined,
                                  "nodeType": "host",
                                  "props": Object {
                                    "d": "M7 10a3 3 0 1 1 0-6 3 3 0 0 1 0 6zm0-1a2 2 0 1 0 0-4 2 2 0 0 0 0 4z",
                                    "fill": "#8F95A3",
                                  },
                                  "ref": null,
                                  "rendered": Array [
                                    undefined,
                                  ],
                                  "type": "path",
                                },
                                Object {
                                  "instance": <path
                                    d="M7 16.362c4.35-3.483 6.5-6.616 6.5-9.362C13.5 3.324 10.638.5 7 .5A6.5 6.5 0 0 0 .5 7c0 2.746 2.15 5.879 6.5 9.362z"
                                    stroke="#8F95A3"
                                  />,
                                  "key": undefined,
                                  "nodeType": "host",
                                  "props": Object {
                                    "d": "M7 16.362c4.35-3.483 6.5-6.616 6.5-9.362C13.5 3.324 10.638.5 7 .5A6.5 6.5 0 0 0 .5 7c0 2.746 2.15 5.879 6.5 9.362z",
                                    "stroke": "#8F95A3",
                                  },
                                  "ref": null,
                                  "rendered": Array [
                                    undefined,
                                  ],
                                  "type": "path",
                                },
                              ],
                              "type": "g",
                            },
                          ],
                          "type": "svg",
                        },
                        "type": [Function],
                      },
                    ],
                    "type": "span",
                  },
                ],
                "type": "div",
              },
              Object {
                "instance": null,
                "key": undefined,
                "nodeType": "function",
                "props": Object {
                  "classNames": "text-field form-control",
                  "handleChange": [Function],
                  "handleFocus": [Function],
                  "inputElement": "",
                  "name": "search",
                  "placeholderText": "Enter your address...",
                  "type": "text",
                },
                "ref": null,
                "rendered": Object {
                  "instance": <input
                    class="text-field form-control"
                    name="search"
                    placeholder="Enter your address..."
                    type="text"
                  />,
                  "key": undefined,
                  "nodeType": "host",
                  "props": Object {
                    "className": "text-field form-control",
                    "name": "search",
                    "onChange": [Function],
                    "onFocus": [Function],
                    "placeholder": "Enter your address...",
                    "type": "text",
                  },
                  "ref": null,
                  "rendered": Array [
                    undefined,
                  ],
                  "type": "input",
                },
                "type": [Function],
              },
              Object {
                "instance": <div
                  class="input-group-append"
                >
                  <span
                    class="input-group-text button-search"
                  >
                    <svg
                      class="chevron-right-icon"
                      height="24"
                      viewBox="0 0 24 24"
                      width="24"
                    >
                      <defs>
                        <path
                          d="M8.5 7.5L13 12l-4.5 4.5L10 18l6-6-6-6z"
                          id="icon-chevron_svg__a"
                        />
                      </defs>
                      <use
                        fill="currentColor"
                        fill-rule="evenodd"
                        xlink:href="#icon-chevron_svg__a"
                      />
                    </svg>
                  </span>
                </div>,
                "key": undefined,
                "nodeType": "host",
                "props": Object {
                  "children": <span
                    className="input-group-text button-search"
                  >
                    <ChevronRight />
                  </span>,
                  "className": "input-group-append",
                },
                "ref": null,
                "rendered": Array [
                  Object {
                    "instance": <span
                      class="input-group-text button-search"
                    >
                      <svg
                        class="chevron-right-icon"
                        height="24"
                        viewBox="0 0 24 24"
                        width="24"
                      >
                        <defs>
                          <path
                            d="M8.5 7.5L13 12l-4.5 4.5L10 18l6-6-6-6z"
                            id="icon-chevron_svg__a"
                          />
                        </defs>
                        <use
                          fill="currentColor"
                          fill-rule="evenodd"
                          xlink:href="#icon-chevron_svg__a"
                        />
                      </svg>
                    </span>,
                    "key": undefined,
                    "nodeType": "host",
                    "props": Object {
                      "children": <ChevronRight />,
                      "className": "input-group-text button-search",
                    },
                    "ref": null,
                    "rendered": Array [
                      Object {
                        "instance": null,
                        "key": undefined,
                        "nodeType": "function",
                        "props": Object {},
                        "ref": null,
                        "rendered": Object {
                          "instance": <svg
                            class="chevron-right-icon"
                            height="24"
                            viewBox="0 0 24 24"
                            width="24"
                          >
                            <defs>
                              <path
                                d="M8.5 7.5L13 12l-4.5 4.5L10 18l6-6-6-6z"
                                id="icon-chevron_svg__a"
                              />
                            </defs>
                            <use
                              fill="currentColor"
                              fill-rule="evenodd"
                              xlink:href="#icon-chevron_svg__a"
                            />
                          </svg>,
                          "key": undefined,
                          "nodeType": "host",
                          "props": Object {
                            "children": Array [
                              <defs>
                                <path
                                  d="M8.5 7.5L13 12l-4.5 4.5L10 18l6-6-6-6z"
                                  id="icon-chevron_svg__a"
                                />
                              </defs>,
                              <use
                                fill="currentColor"
                                fillRule="evenodd"
                                xlinkHref="#icon-chevron_svg__a"
                              />,
                            ],
                            "className": "chevron-right-icon",
                            "height": "24",
                            "viewBox": "0 0 24 24",
                            "width": "24",
                          },
                          "ref": null,
                          "rendered": Array [
                            Object {
                              "instance": <defs>
                                <path
                                  d="M8.5 7.5L13 12l-4.5 4.5L10 18l6-6-6-6z"
                                  id="icon-chevron_svg__a"
                                />
                              </defs>,
                              "key": undefined,
                              "nodeType": "host",
                              "props": Object {
                                "children": <path
                                  d="M8.5 7.5L13 12l-4.5 4.5L10 18l6-6-6-6z"
                                  id="icon-chevron_svg__a"
                                />,
                              },
                              "ref": null,
                              "rendered": Array [
                                Object {
                                  "instance": <path
                                    d="M8.5 7.5L13 12l-4.5 4.5L10 18l6-6-6-6z"
                                    id="icon-chevron_svg__a"
                                  />,
                                  "key": undefined,
                                  "nodeType": "host",
                                  "props": Object {
                                    "d": "M8.5 7.5L13 12l-4.5 4.5L10 18l6-6-6-6z",
                                    "id": "icon-chevron_svg__a",
                                  },
                                  "ref": null,
                                  "rendered": Array [
                                    undefined,
                                  ],
                                  "type": "path",
                                },
                              ],
                              "type": "defs",
                            },
                            Object {
                              "instance": <use
                                fill="currentColor"
                                fill-rule="evenodd"
                                xlink:href="#icon-chevron_svg__a"
                              />,
                              "key": undefined,
                              "nodeType": "host",
                              "props": Object {
                                "fill": "currentColor",
                                "fillRule": "evenodd",
                                "xlinkHref": "#icon-chevron_svg__a",
                              },
                              "ref": null,
                              "rendered": Array [
                                undefined,
                              ],
                              "type": "use",
                            },
                          ],
                          "type": "svg",
                        },
                        "type": [Function],
                      },
                    ],
                    "type": "span",
                  },
                ],
                "type": "div",
              },
            ],
            "type": "div",
          },
          Object {
            "instance": <div
              class="dropdown-suggestion"
            />,
            "key": undefined,
            "nodeType": "host",
            "props": Object {
              "children": false,
              "className": "dropdown-suggestion",
            },
            "ref": null,
            "rendered": Array [
              false,
            ],
            "type": "div",
          },
        ],
        "type": "div",
      },
      "type": [Function],
    },
  ],
  Symbol(enzyme.__options__): Object {
    "adapter": ReactSixteenAdapter {
      "options": Object {
        "enableComponentDidUpdateOnSetState": true,
        "legacyContextMode": "parent",
        "lifecycles": Object {
          "componentDidUpdate": Object {
            "onSetState": true,
          },
          "getChildContext": Object {
            "calledByRenderer": false,
          },
          "getDerivedStateFromProps": true,
          "getSnapshotBeforeUpdate": true,
          "setState": Object {
            "skipsComponentDidUpdateOnNullish": true,
          },
        },
      },
    },
  },
}
`;
